C51 COMPILER V9.01   MAIN                                                                  10/08/2018 15:13:27 PAGE 1   


C51 COMPILER V9.01, COMPILATION OF MODULE MAIN
OBJECT MODULE PLACED IN main.OBJ
COMPILER INVOKED BY: C:\Tool\KeilC_8051\C51\BIN\C51.EXE main.c OMF2 BROWSE DEBUG

line level    source

   1          #include <REGX51.H>
   2          #include "./uart.h"
   3          #include "./cli.h"
   4          #include "./gpio.h"
   5          #include "./timer.h"
   6          #include <stdlib.h>
   7          
   8          
   9          #define    NUM_CLI              2
  10          
  11          cli_t list_cmd[NUM_CLI] =       {
  12                                                                          {
  13                                                                                  "led", /* name of cmd */
  14                                                                                  2, /* num_input_par */
  15                                                                                  led_callback,
  16                                                                                  NULL
  17                                                                          },
  18                                                                          {
  19                                                                                  "test",
  20                                                                                  0,
  21                                                                                  test_callback,
  22                                                                                  NULL
  23                                                                          }
  24                                                                  };
  25          
  26          void main()
  27          {
  28   1              P1 = 0x00;
  29   1              timer0_init();
  30   1              uart_init();
  31   1              cli_init();
  32   1              cli_add(list_cmd,NUM_CLI);
  33   1              
  34   1              while(1)
  35   1              {               
  36   2                      if(_data != 0)
  37   2                      {
  38   3                              if(prepare_cli(_data))
  39   3                              {
  40   4                                      uart_send_str("\n\r");
  41   4                              }       
  42   3                              _data = 0;
  43   3                      }
  44   2              }                               
  45   1      }
  46          /****************** INTERRUPT  ******************************/
  47          void timer0_ISR(void) interrupt 1
  48          {
  49   1               tick++;
  50   1               TH0 = 0xFC;
  51   1               TL0 = 0x66;
  52   1      }
  53          
  54          void uart_ISR(void) interrupt 4
  55          {
C51 COMPILER V9.01   MAIN                                                                  10/08/2018 15:13:27 PAGE 2   

  56   1              if(RI == 1)
  57   1              {
  58   2                      _data = SBUF;
  59   2                      uart_send_byte(_data);
  60   2                      RI = 0;
  61   2              }
  62   1      }


MODULE INFORMATION:   STATIC OVERLAYABLE
   CODE SIZE        =    183    ----
   CONSTANT SIZE    =     12    ----
   XDATA SIZE       =   ----    ----
   PDATA SIZE       =   ----    ----
   DATA SIZE        =     22    ----
   IDATA SIZE       =   ----    ----
   BIT SIZE         =   ----    ----
   EDATA SIZE       =   ----    ----
   HDATA SIZE       =   ----    ----
   XDATA CONST SIZE =   ----    ----
   FAR CONST SIZE   =   ----    ----
END OF MODULE INFORMATION.


C51 COMPILATION COMPLETE.  0 WARNING(S),  0 ERROR(S)
