LX51 LINKER/LOCATER V4.41                                                               10/08/2018  15:13:28  PAGE 1


LX51 LINKER/LOCATER V4.41, INVOKED BY:
C:\TOOL\KEILC_8051\C51\BIN\LX51.EXE main.obj, uart.obj, cli.obj, gpio.obj, timer.obj TO shell RU


CPU MODE:     8051 MODE
MEMORY MODEL: SMALL


INPUT MODULES INCLUDED:
  main.obj (MAIN)
         COMMENT TYPE 0: C51 V9.01
  uart.obj (UART)
         COMMENT TYPE 0: C51 V9.01
  cli.obj (CLI)
         COMMENT TYPE 0: C51 V9.01
  gpio.obj (GPIO)
         COMMENT TYPE 0: C51 V9.01
  timer.obj (TIMER)
         COMMENT TYPE 0: C51 V9.01
  C:\TOOL\KEILC_8051\C51\LIB\C51S.LIB (?C_STARTUP)
         COMMENT TYPE 1: A51 / ASM51 Assembler
  C:\TOOL\KEILC_8051\C51\LIB\C51S.LIB (?C?CLDPTR)
         COMMENT TYPE 1: A51 / ASM51 Assembler
  C:\TOOL\KEILC_8051\C51\LIB\C51S.LIB (?C?ILDOPTR)
         COMMENT TYPE 1: A51 / ASM51 Assembler
  C:\TOOL\KEILC_8051\C51\LIB\C51S.LIB (?C?ULCMP)
         COMMENT TYPE 1: A51 / ASM51 Assembler
  C:\TOOL\KEILC_8051\C51\LIB\C51S.LIB (?C?PLDPTR)
         COMMENT TYPE 1: A51 / ASM51 Assembler
  C:\TOOL\KEILC_8051\C51\LIB\C51S.LIB (?C?PLDOPTR)
         COMMENT TYPE 1: A51 / ASM51 Assembler
  C:\TOOL\KEILC_8051\C51\LIB\C51S.LIB (?C?PSTOPTR)
         COMMENT TYPE 1: A51 / ASM51 Assembler
  C:\TOOL\KEILC_8051\C51\LIB\C51S.LIB (?C?ICALL)
         COMMENT TYPE 1: A51 / ASM51 Assembler
  C:\TOOL\KEILC_8051\C51\LIB\C51S.LIB (?C?STRCMP)
         COMMENT TYPE 1: A51 / ASM51 Assembler
  C:\TOOL\KEILC_8051\C51\LIB\C51S.LIB (STRTOK)
         COMMENT TYPE 1: C51 Compiler
  C:\TOOL\KEILC_8051\C51\LIB\C51S.LIB (?C?MEMSET)
         COMMENT TYPE 1: A51 / ASM51 Assembler
  C:\TOOL\KEILC_8051\C51\LIB\C51S.LIB (?C_INIT)
         COMMENT TYPE 1: A51 / ASM51 Assembler
  C:\TOOL\KEILC_8051\C51\LIB\C51S.LIB (?C?CSTPTR)
         COMMENT TYPE 1: A51 / ASM51 Assembler
  C:\TOOL\KEILC_8051\C51\LIB\C51S.LIB (?C?PLDIDATA)
         COMMENT TYPE 1: A51 / ASM51 Assembler
  C:\TOOL\KEILC_8051\C51\LIB\C51S.LIB (?C?PSTIDATA)
         COMMENT TYPE 1: A51 / ASM51 Assembler
  C:\TOOL\KEILC_8051\C51\LIB\C51S.LIB (?C?PLDXDATA)
         COMMENT TYPE 1: A51 / ASM51 Assembler
  C:\TOOL\KEILC_8051\C51\LIB\C51S.LIB (?C?PSTXDATA)
         COMMENT TYPE 1: A51 / ASM51 Assembler
  C:\TOOL\KEILC_8051\C51\LIB\C51S.LIB (?C?PLDPDATA)
         COMMENT TYPE 1: A51 / ASM51 Assembler
  C:\TOOL\KEILC_8051\C51\LIB\C51S.LIB (?C?PSTPDATA)
         COMMENT TYPE 1: A51 / ASM51 Assembler
  C:\TOOL\KEILC_8051\C51\LIB\C51S.LIB (?C?PLDCODE)
         COMMENT TYPE 1: A51 / ASM51 Assembler
  C:\TOOL\KEILC_8051\C51\LIB\C51S.LIB (STRSPN)
         COMMENT TYPE 1: C51 Compiler
  C:\TOOL\KEILC_8051\C51\LIB\C51S.LIB (STRPBRK)
         COMMENT TYPE 1: C51 Compiler
  C:\TOOL\KEILC_8051\C51\LIB\C51S.LIB (?C?CLDOPTR)
         COMMENT TYPE 1: A51 / ASM51 Assembler

LX51 LINKER/LOCATER V4.41                                                             10/08/2018  15:13:28  PAGE 2



ACTIVE MEMORY CLASSES OF MODULE:  shell (MAIN)

BASE        START       END         USED      MEMORY CLASS
==========================================================
C:000000H   C:000000H   C:00FFFFH   000A85H   CODE
I:000000H   I:000000H   I:00007FH   000077H   DATA
I:000000H   I:000000H   I:0000FFH   000001H   IDATA


MEMORY MAP OF MODULE:  shell (MAIN)


START     STOP      LENGTH    ALIGN  RELOC    MEMORY CLASS   SEGMENT NAME
=========================================================================

* * * * * * * * * * *   D A T A   M E M O R Y   * * * * * * * * * * * * *
000000H   000007H   000008H   ---    AT..     DATA           "REG BANK 0"
000008H   000031H   00002AH   BYTE   UNIT     DATA           _DATA_GROUP_
000032H   000048H   000017H   BYTE   UNIT     DATA           ?DT?UART
000049H   00005EH   000016H   BYTE   UNIT     DATA           ?DT?MAIN
00005FH   00006FH   000011H   BYTE   UNIT     DATA           ?DT?CLI
000070H   000073H   000004H   BYTE   UNIT     DATA           ?DT?TIMER
000074H   000076H   000003H   BYTE   UNIT     DATA           ?DT?STRTOK
000077H   000077H   000001H   BYTE   UNIT     IDATA          ?STACK

* * * * * * * * * * *   C O D E   M E M O R Y   * * * * * * * * * * * * *
000000H   000002H   000003H   ---    OFFS..   CODE           ?CO??C_STARTUP?0
000003H   00000AH   000008H   BYTE   UNIT     CODE           ?PR?_UART_SEND_BYTE?UART
00000BH   00000DH   000003H   BYTE   OFFS..   CODE           ?MAIN?0000B
00000EH   000020H   000013H   BYTE   UNIT     CODE           ?PR?_UART_SEND_STR?UART
000021H   000022H   000002H   ---    ---      **GAP**
000023H   000025H   000003H   BYTE   OFFS..   CODE           ?MAIN?00023
000026H   00037EH   000359H   BYTE   UNIT     CODE           ?C?LIB_CODE
00037FH   0004B3H   000135H   BYTE   UNIT     CODE           ?PR?_PARSE_CLI?CLI
0004B4H   00053FH   00008CH   BYTE   UNIT     CODE           ?C_C51STARTUP
000540H   0005C7H   000088H   BYTE   UNIT     CODE           ?PR?_HELP?CLI
0005C8H   000647H   000080H   BYTE   UNIT     CODE           ?PR?_STRTOK?STRTOK
000648H   0006ACH   000065H   BYTE   UNIT     CODE           ?PR?_CLI_ADD?CLI
0006ADH   00070DH   000061H   BYTE   UNIT     CODE           ?PR?_STRSPN?STRSPN
00070EH   00076AH   00005DH   BYTE   UNIT     CODE           ?PR?_STRPBRK?STRPBRK
00076BH   0007C0H   000056H   BYTE   UNIT     CODE           ?PR?_TEST_CALLBACK?CLI
0007C1H   000808H   000048H   BYTE   UNIT     CODE           ?C_INITSEG
000809H   000850H   000048H   BYTE   UNIT     CODE           ?PR?_PREPARE_CLI?CLI
000851H   000896H   000046H   BYTE   UNIT     CODE           ?PR?_LED_ON?GPIO
000897H   0008DCH   000046H   BYTE   UNIT     CODE           ?PR?_LED_OFF?GPIO
0008DDH   000921H   000045H   BYTE   UNIT     CODE           ?PR?UART_ISR?MAIN
000922H   000966H   000045H   BYTE   UNIT     CODE           ?CO?CLI
000967H   0009A9H   000043H   BYTE   UNIT     CODE           ?PR?_LED_CALLBACK?GPIO
0009AAH   0009E4H   00003BH   BYTE   UNIT     CODE           ?PR?TIMER0_ISR?MAIN
0009E5H   000A15H   000031H   BYTE   UNIT     CODE           ?PR?MAIN?MAIN
000A16H   000A43H   00002EH   BYTE   UNIT     CODE           ?PR?CLI_INIT?CLI
000A44H   000A59H   000016H   BYTE   UNIT     CODE           ?CO?GPIO
000A5AH   000A6BH   000012H   BYTE   UNIT     CODE           ?PR?TIMER0_INIT?TIMER
000A6CH   000A7AH   00000FH   BYTE   UNIT     CODE           ?PR?UART_INIT?UART
000A7BH   000A86H   00000CH   BYTE   UNIT     CODE           ?CO?MAIN

* * * * * * * * *   R E M O V E D     S E G M E N T S   * * * * * * * *
   *DEL*:           000040H   BYTE   UNIT     CODE           ?PR?_DELAY?TIMER
   *DEL*:           000008H   BYTE   UNIT     DATA           ?DT?_DELAY?TIMER



OVERLAY MAP OF MODULE:   shell (MAIN)

LX51 LINKER/LOCATER V4.41                                                             10/08/2018  15:13:28  PAGE 3



FUNCTION/MODULE              BIT_GROUP   DATA_GROUP 
--> CALLED FUNCTION/MODULE  START  STOP  START  STOP
====================================================
TIMER0_ISR/MAIN             ----- -----  ----- -----

*** NEW ROOT **************

UART_ISR/MAIN               ----- -----  ----- -----
  +--> ?PR?_UART_SEND_BYTE?UART

_UART_SEND_BYTE/UART        ----- -----  ----- -----

*** NEW ROOT **************

?C_C51STARTUP               ----- -----  ----- -----
  +--> ?PR?MAIN?MAIN
  +--> ?C_INITSEG

MAIN/MAIN                   ----- -----  ----- -----
  +--> ?PR?TIMER0_INIT?TIMER
  +--> ?PR?UART_INIT?UART
  +--> ?PR?CLI_INIT?CLI
  +--> ?PR?_CLI_ADD?CLI
  +--> ?PR?_PREPARE_CLI?CLI
  +--> ?CO?MAIN
  +--> ?PR?_UART_SEND_STR?UART

TIMER0_INIT/TIMER           ----- -----  ----- -----

UART_INIT/UART              ----- -----  ----- -----

CLI_INIT/CLI                ----- -----  ----- -----
  +--> ?CO?CLI
  +--> ?PR?_HELP?CLI

?CO?CLI                     ----- -----  ----- -----

_HELP/CLI                   ----- -----  0008H 000EH
  +--> ?PR?_UART_SEND_STR?UART
  +--> ?CO?CLI

_UART_SEND_STR/UART         ----- -----  ----- -----
  +--> ?PR?_UART_SEND_BYTE?UART

_CLI_ADD/CLI                ----- -----  0008H 000CH

_PREPARE_CLI/CLI            ----- -----  0008H 0008H
  +--> ?PR?_PARSE_CLI?CLI

_PARSE_CLI/CLI              ----- -----  0009H 0022H
  +--> ?CO?CLI
  +--> ?PR?_STRTOK?STRTOK
  +--> ?PR?_UART_SEND_STR?UART

_STRTOK/STRTOK              ----- -----  0023H 0028H
  +--> ?PR?_STRSPN?STRSPN
  +--> ?PR?_STRPBRK?STRPBRK

_STRSPN/STRSPN              ----- -----  0029H 0030H

_STRPBRK/STRPBRK            ----- -----  0029H 0031H

?CO?MAIN                    ----- -----  ----- -----

LX51 LINKER/LOCATER V4.41                                                             10/08/2018  15:13:28  PAGE 4


?C_INITSEG                  ----- -----  ----- -----
  +--> ?CO?MAIN
  +--> ?PR?_LED_CALLBACK?GPIO
  +--> ?PR?_TEST_CALLBACK?CLI

_LED_CALLBACK/GPIO          ----- -----  0008H 000CH
  +--> ?CO?GPIO
  +--> ?PR?_UART_SEND_STR?UART
  +--> ?PR?_LED_ON?GPIO
  +--> ?PR?_LED_OFF?GPIO

?CO?GPIO                    ----- -----  ----- -----

_LED_ON/GPIO                ----- -----  ----- -----

_LED_OFF/GPIO               ----- -----  ----- -----

_TEST_CALLBACK/CLI          ----- -----  0008H 000FH
  +--> ?PR?_UART_SEND_BYTE?UART
  +--> ?CO?CLI
  +--> ?PR?_UART_SEND_STR?UART



PUBLIC SYMBOLS OF MODULE:  shell (MAIN)


      VALUE       CLASS    TYPE      PUBLIC SYMBOL NAME
      =================================================
      00000029H   DATA     ---       ?_strpbrk?BYTE
      00000029H   DATA     ---       ?_strspn?BYTE
      00000023H   DATA     ---       ?_strtok?BYTE
      01000352H   CODE     ---       ?C?CLDOPTR
      01000026H   CODE     ---       ?C?CLDPTR
      00000000H   NUMBER   ---       ?C?CODESEG
      010002FEH   CODE     ---       ?C?CSTPTR
      01000131H   CODE     ---       ?C?ICALL
      01000135H   CODE     ---       ?C?ICALL2
      0100003FH   CODE     ---       ?C?ILDOPTR
      010002D2H   CODE     ---       ?C?MEMSET
      01000346H   CODE     ---       ?C?PLDCODE
      01000310H   CODE     ---       ?C?PLDIDATA
      010000A8H   CODE     ---       ?C?PLDOPTR
      01000334H   CODE     ---       ?C?PLDPDATA
      01000088H   CODE     ---       ?C?PLDPTR
      01000322H   CODE     ---       ?C?PLDXDATA
      01000319H   CODE     ---       ?C?PSTIDATA
      010000D8H   CODE     ---       ?C?PSTOPTR
      0100033DH   CODE     ---       ?C?PSTPDATA
      0100032BH   CODE     ---       ?C?PSTXDATA
      010002B5H   CODE     ---       ?C?STRCMP
      01000077H   CODE     ---       ?C?ULCMP
      00000000H   NUMBER   ---       ?C?XDATASEG
      010004FBH   CODE     ---       ?C_START
      01000000H   CODE     ---       ?C_STARTUP
      01000648H   CODE     ---       _cli_add
      00000034H   DATA     CHAR      _data
*DEL*:00000000H   CODE     ---       _delay
      01000540H   CODE     ---       _help
      01000967H   CODE     ---       _led_callback
      01000897H   CODE     ---       _led_off
      01000851H   CODE     ---       _led_on
      0100037FH   CODE     ---       _parse_cli
      01000809H   CODE     ---       _prepare_cli
      0100070EH   CODE     ---       _strpbrk
LX51 LINKER/LOCATER V4.41                                                             10/08/2018  15:13:28  PAGE 5


      010006ADH   CODE     ---       _strspn
      010005C8H   CODE     ---       _strtok
      0100076BH   CODE     ---       _test_callback
      01000003H   CODE     ---       _uart_send_byte
      0100000EH   CODE     ---       _uart_send_str
*SFR* 000000D0H.6 DATA     BIT       AC
*SFR* 000000E0H   DATA     BYTE      ACC
*SFR* 000000F0H   DATA     BYTE      B
      00000035H   DATA     ---       buffer
      01000A16H   CODE     ---       cli_init
      00000065H   DATA     ---       command
      0000005FH   DATA     ---       current_cmd
*SFR* 000000D0H.7 DATA     BIT       CY
*SFR* 00000083H   DATA     BYTE      DPH
*SFR* 00000082H   DATA     BYTE      DPL
*SFR* 000000A8H.7 DATA     BIT       EA
*SFR* 000000A8H.4 DATA     BIT       ES
*SFR* 000000A8H.1 DATA     BIT       ET0
*SFR* 000000A8H.3 DATA     BIT       ET1
*SFR* 000000A8H.5 DATA     BIT       ET2
*SFR* 000000A8H   DATA     BIT       EX0
*SFR* 000000A8H.2 DATA     BIT       EX1
*SFR* 000000D0H.5 DATA     BIT       F0
*SFR* 000000D0H.1 DATA     BIT       F1
      00000062H   DATA     ---       head_cmd
*SFR* 000000A8H   DATA     BYTE      IE
*SFR* 00000088H.1 DATA     BIT       IE0
*SFR* 00000088H.3 DATA     BIT       IE1
*SFR* 000000B0H.2 DATA     BIT       INT0
*SFR* 000000B0H.3 DATA     BIT       INT1
*SFR* 000000B8H   DATA     BYTE      IP
*SFR* 00000088H   DATA     BIT       IT0
*SFR* 00000088H.2 DATA     BIT       IT1
      00000049H   DATA     ---       list_cmd
      010009E5H   CODE     ---       main
*SFR* 000000D0H.2 DATA     BIT       OV
*SFR* 000000D0H   DATA     BIT       P
*SFR* 00000080H   DATA     BYTE      P0
*SFR* 00000080H   DATA     BIT       P0_0
*SFR* 00000080H.1 DATA     BIT       P0_1
*SFR* 00000080H.2 DATA     BIT       P0_2
*SFR* 00000080H.3 DATA     BIT       P0_3
*SFR* 00000080H.4 DATA     BIT       P0_4
*SFR* 00000080H.5 DATA     BIT       P0_5
*SFR* 00000080H.6 DATA     BIT       P0_6
*SFR* 00000080H.7 DATA     BIT       P0_7
*SFR* 00000090H   DATA     BYTE      P1
*SFR* 00000090H   DATA     BIT       P1_0
*SFR* 00000090H.1 DATA     BIT       P1_1
*SFR* 00000090H.2 DATA     BIT       P1_2
*SFR* 00000090H.3 DATA     BIT       P1_3
*SFR* 00000090H.4 DATA     BIT       P1_4
*SFR* 00000090H.5 DATA     BIT       P1_5
*SFR* 00000090H.6 DATA     BIT       P1_6
*SFR* 00000090H.7 DATA     BIT       P1_7
*SFR* 000000A0H   DATA     BYTE      P2
*SFR* 000000A0H   DATA     BIT       P2_0
*SFR* 000000A0H.1 DATA     BIT       P2_1
*SFR* 000000A0H.2 DATA     BIT       P2_2
*SFR* 000000A0H.3 DATA     BIT       P2_3
*SFR* 000000A0H.4 DATA     BIT       P2_4
*SFR* 000000A0H.5 DATA     BIT       P2_5
*SFR* 000000A0H.6 DATA     BIT       P2_6
*SFR* 000000A0H.7 DATA     BIT       P2_7
*SFR* 000000B0H   DATA     BYTE      P3
LX51 LINKER/LOCATER V4.41                                                             10/08/2018  15:13:28  PAGE 6


*SFR* 000000B0H   DATA     BIT       P3_0
*SFR* 000000B0H.1 DATA     BIT       P3_1
*SFR* 000000B0H.2 DATA     BIT       P3_2
*SFR* 000000B0H.3 DATA     BIT       P3_3
*SFR* 000000B0H.4 DATA     BIT       P3_4
*SFR* 000000B0H.5 DATA     BIT       P3_5
*SFR* 000000B0H.6 DATA     BIT       P3_6
*SFR* 000000B0H.7 DATA     BIT       P3_7
*SFR* 00000087H   DATA     BYTE      PCON
*SFR* 000000B8H.4 DATA     BIT       PS
*SFR* 000000D0H   DATA     BYTE      PSW
*SFR* 000000B8H.1 DATA     BIT       PT0
*SFR* 000000B8H.3 DATA     BIT       PT1
*SFR* 000000B8H.5 DATA     BIT       PT2
*SFR* 000000B8H   DATA     BIT       PX0
*SFR* 000000B8H.2 DATA     BIT       PX1
*SFR* 00000098H.2 DATA     BIT       RB8
*SFR* 000000B0H.7 DATA     BIT       RD
      00000032H   DATA     BYTE      read_index
*SFR* 00000098H.4 DATA     BIT       REN
*SFR* 00000098H   DATA     BIT       RI
*SFR* 000000D0H.3 DATA     BIT       RS0
*SFR* 000000D0H.4 DATA     BIT       RS1
*SFR* 000000B0H   DATA     BIT       RXD
*SFR* 00000099H   DATA     BYTE      SBUF
*SFR* 00000098H   DATA     BYTE      SCON
*SFR* 00000098H.7 DATA     BIT       SM0
*SFR* 00000098H.6 DATA     BIT       SM1
*SFR* 00000098H.5 DATA     BIT       SM2
*SFR* 00000081H   DATA     BYTE      SP
*SFR* 000000B0H.4 DATA     BIT       T0
*SFR* 000000B0H.5 DATA     BIT       T1
*SFR* 00000098H.3 DATA     BIT       TB8
*SFR* 00000088H   DATA     BYTE      TCON
*SFR* 00000088H.5 DATA     BIT       TF0
*SFR* 00000088H.7 DATA     BIT       TF1
*SFR* 0000008CH   DATA     BYTE      TH0
*SFR* 0000008DH   DATA     BYTE      TH1
*SFR* 00000098H.1 DATA     BIT       TI
      00000070H   DATA     DWORD     tick
      01000A5AH   CODE     ---       timer0_init
      010009AAH   CODE     ---       timer0_ISR
*SFR* 0000008AH   DATA     BYTE      TL0
*SFR* 0000008BH   DATA     BYTE      TL1
*SFR* 00000089H   DATA     BYTE      TMOD
*SFR* 00000088H.4 DATA     BIT       TR0
*SFR* 00000088H.6 DATA     BIT       TR1
*SFR* 000000B0H.1 DATA     BIT       TXD
      01000A6CH   CODE     ---       uart_init
      010008DDH   CODE     ---       uart_ISR
*SFR* 000000B0H.6 DATA     BIT       WR
      00000033H   DATA     BYTE      write_index



SYMBOL TABLE OF MODULE:  shell (MAIN)

      VALUE       REP       CLASS    TYPE      SYMBOL NAME
      ====================================================
      ---         MODULE    ---      ---       MAIN
      00000049H   PUBLIC    DATA     ---       list_cmd
      010008DDH   PUBLIC    CODE     ---       uart_ISR
      010009AAH   PUBLIC    CODE     ---       timer0_ISR
      010009E5H   PUBLIC    CODE     ---       main
      00000080H   SFRSYM    DATA     BYTE      P0
LX51 LINKER/LOCATER V4.41                                                             10/08/2018  15:13:28  PAGE 7


      00000090H   SFRSYM    DATA     BYTE      P1
      000000A0H   SFRSYM    DATA     BYTE      P2
      000000B0H   SFRSYM    DATA     BYTE      P3
      000000D0H.6 SFRSYM    DATA     BIT       AC
      000000B0H.4 SFRSYM    DATA     BIT       T0
      000000B0H.5 SFRSYM    DATA     BIT       T1
      000000A8H.7 SFRSYM    DATA     BIT       EA
      000000A8H   SFRSYM    DATA     BYTE      IE
      00000080H   SFRSYM    DATA     BIT       P0_0
      00000090H   SFRSYM    DATA     BIT       P1_0
      00000080H.1 SFRSYM    DATA     BIT       P0_1
      000000A0H   SFRSYM    DATA     BIT       P2_0
      00000090H.1 SFRSYM    DATA     BIT       P1_1
      00000080H.2 SFRSYM    DATA     BIT       P0_2
      000000B0H   SFRSYM    DATA     BIT       P3_0
      000000A0H.1 SFRSYM    DATA     BIT       P2_1
      00000090H.2 SFRSYM    DATA     BIT       P1_2
      00000080H.3 SFRSYM    DATA     BIT       P0_3
      000000B0H.1 SFRSYM    DATA     BIT       P3_1
      000000A0H.2 SFRSYM    DATA     BIT       P2_2
      00000090H.3 SFRSYM    DATA     BIT       P1_3
      00000080H.4 SFRSYM    DATA     BIT       P0_4
      000000B0H.2 SFRSYM    DATA     BIT       P3_2
      000000A0H.3 SFRSYM    DATA     BIT       P2_3
      00000090H.4 SFRSYM    DATA     BIT       P1_4
      00000080H.5 SFRSYM    DATA     BIT       P0_5
      000000B0H.7 SFRSYM    DATA     BIT       RD
      000000B0H.3 SFRSYM    DATA     BIT       P3_3
      000000A0H.4 SFRSYM    DATA     BIT       P2_4
      00000090H.5 SFRSYM    DATA     BIT       P1_5
      00000080H.6 SFRSYM    DATA     BIT       P0_6
      000000B0H.4 SFRSYM    DATA     BIT       P3_4
      000000A0H.5 SFRSYM    DATA     BIT       P2_5
      00000090H.6 SFRSYM    DATA     BIT       P1_6
      00000080H.7 SFRSYM    DATA     BIT       P0_7
      000000B0H.5 SFRSYM    DATA     BIT       P3_5
      000000A8H.4 SFRSYM    DATA     BIT       ES
      000000A0H.6 SFRSYM    DATA     BIT       P2_6
      00000090H.7 SFRSYM    DATA     BIT       P1_7
      000000B0H.6 SFRSYM    DATA     BIT       P3_6
      000000A0H.7 SFRSYM    DATA     BIT       P2_7
      000000B8H   SFRSYM    DATA     BYTE      IP
      000000B0H.7 SFRSYM    DATA     BIT       P3_7
      00000098H   SFRSYM    DATA     BIT       RI
      000000D0H.7 SFRSYM    DATA     BIT       CY
      000000B0H.2 SFRSYM    DATA     BIT       INT0
      000000B0H.3 SFRSYM    DATA     BIT       INT1
      00000098H.1 SFRSYM    DATA     BIT       TI
      000000B8H.4 SFRSYM    DATA     BIT       PS
      00000081H   SFRSYM    DATA     BYTE      SP
      000000D0H.2 SFRSYM    DATA     BIT       OV
      000000B0H.6 SFRSYM    DATA     BIT       WR
      00000099H   SFRSYM    DATA     BYTE      SBUF
      00000087H   SFRSYM    DATA     BYTE      PCON
      00000098H   SFRSYM    DATA     BYTE      SCON
      00000089H   SFRSYM    DATA     BYTE      TMOD
      00000088H   SFRSYM    DATA     BYTE      TCON
      00000088H.1 SFRSYM    DATA     BIT       IE0
      00000088H.3 SFRSYM    DATA     BIT       IE1
      000000F0H   SFRSYM    DATA     BYTE      B
      000000E0H   SFRSYM    DATA     BYTE      ACC
      000000A8H.1 SFRSYM    DATA     BIT       ET0
      000000A8H.3 SFRSYM    DATA     BIT       ET1
      00000088H.5 SFRSYM    DATA     BIT       TF0
      000000A8H.5 SFRSYM    DATA     BIT       ET2
LX51 LINKER/LOCATER V4.41                                                             10/08/2018  15:13:28  PAGE 8


      00000088H.7 SFRSYM    DATA     BIT       TF1
      00000098H.2 SFRSYM    DATA     BIT       RB8
      0000008CH   SFRSYM    DATA     BYTE      TH0
      000000A8H   SFRSYM    DATA     BIT       EX0
      00000088H   SFRSYM    DATA     BIT       IT0
      0000008DH   SFRSYM    DATA     BYTE      TH1
      000000A8H.2 SFRSYM    DATA     BIT       EX1
      00000098H.3 SFRSYM    DATA     BIT       TB8
      00000088H.2 SFRSYM    DATA     BIT       IT1
      000000D0H   SFRSYM    DATA     BIT       P
      00000098H.7 SFRSYM    DATA     BIT       SM0
      0000008AH   SFRSYM    DATA     BYTE      TL0
      00000098H.6 SFRSYM    DATA     BIT       SM1
      0000008BH   SFRSYM    DATA     BYTE      TL1
      00000098H.5 SFRSYM    DATA     BIT       SM2
      000000B8H.1 SFRSYM    DATA     BIT       PT0
      000000D0H.3 SFRSYM    DATA     BIT       RS0
      000000B8H.3 SFRSYM    DATA     BIT       PT1
      000000D0H.4 SFRSYM    DATA     BIT       RS1
      000000B8H.5 SFRSYM    DATA     BIT       PT2
      00000088H.4 SFRSYM    DATA     BIT       TR0
      00000088H.6 SFRSYM    DATA     BIT       TR1
      000000B8H   SFRSYM    DATA     BIT       PX0
      000000B8H.2 SFRSYM    DATA     BIT       PX1
      00000083H   SFRSYM    DATA     BYTE      DPH
      00000082H   SFRSYM    DATA     BYTE      DPL
      00000098H.4 SFRSYM    DATA     BIT       REN
      000000B0H   SFRSYM    DATA     BIT       RXD
      000000B0H.1 SFRSYM    DATA     BIT       TXD
      000000D0H.5 SFRSYM    DATA     BIT       F0
      000000D0H.1 SFRSYM    DATA     BIT       F1
      000000D0H   SFRSYM    DATA     BYTE      PSW

      010009E5H   BLOCK     CODE     ---       LVL=0
      010009E5H   LINE      CODE     ---       #26
      010009E5H   LINE      CODE     ---       #27
      010009E5H   LINE      CODE     ---       #28
      010009E8H   LINE      CODE     ---       #29
      010009EBH   LINE      CODE     ---       #30
      010009EEH   LINE      CODE     ---       #31
      010009F1H   LINE      CODE     ---       #32
      010009FCH   LINE      CODE     ---       #34
      010009FCH   LINE      CODE     ---       #35
      010009FCH   LINE      CODE     ---       #36
      01000A00H   LINE      CODE     ---       #37
      01000A00H   LINE      CODE     ---       #38
      01000A08H   LINE      CODE     ---       #39
      01000A08H   LINE      CODE     ---       #40
      01000A11H   LINE      CODE     ---       #41
      01000A11H   LINE      CODE     ---       #42
      01000A14H   LINE      CODE     ---       #43
      01000A14H   LINE      CODE     ---       #44
      ---         BLOCKEND  ---      ---       LVL=0

      010009AAH   BLOCK     CODE     ---       LVL=0
      010009AAH   LINE      CODE     ---       #47
      010009B9H   LINE      CODE     ---       #49
      010009D2H   LINE      CODE     ---       #50
      010009D5H   LINE      CODE     ---       #51
      010009D8H   LINE      CODE     ---       #52
      ---         BLOCKEND  ---      ---       LVL=0

      010008DDH   BLOCK     CODE     ---       LVL=0
      010008DDH   LINE      CODE     ---       #54
      010008FAH   LINE      CODE     ---       #56
LX51 LINKER/LOCATER V4.41                                                             10/08/2018  15:13:28  PAGE 9


      010008FDH   LINE      CODE     ---       #57
      010008FDH   LINE      CODE     ---       #58
      01000900H   LINE      CODE     ---       #59
      01000905H   LINE      CODE     ---       #60
      01000907H   LINE      CODE     ---       #61
      01000907H   LINE      CODE     ---       #62
      ---         BLOCKEND  ---      ---       LVL=0

      ---         MODULE    ---      ---       UART
      00000035H   PUBLIC    DATA     ---       buffer
      00000034H   PUBLIC    DATA     CHAR      _data
      00000033H   PUBLIC    DATA     BYTE      write_index
      00000032H   PUBLIC    DATA     BYTE      read_index
      0100000EH   PUBLIC    CODE     ---       _uart_send_str
      01000003H   PUBLIC    CODE     ---       _uart_send_byte
      01000A6CH   PUBLIC    CODE     ---       uart_init
      00000080H   SFRSYM    DATA     BYTE      P0
      00000090H   SFRSYM    DATA     BYTE      P1
      000000A0H   SFRSYM    DATA     BYTE      P2
      000000B0H   SFRSYM    DATA     BYTE      P3
      000000D0H.6 SFRSYM    DATA     BIT       AC
      000000B0H.4 SFRSYM    DATA     BIT       T0
      000000B0H.5 SFRSYM    DATA     BIT       T1
      000000A8H.7 SFRSYM    DATA     BIT       EA
      000000A8H   SFRSYM    DATA     BYTE      IE
      00000080H   SFRSYM    DATA     BIT       P0_0
      00000090H   SFRSYM    DATA     BIT       P1_0
      00000080H.1 SFRSYM    DATA     BIT       P0_1
      000000A0H   SFRSYM    DATA     BIT       P2_0
      00000090H.1 SFRSYM    DATA     BIT       P1_1
      00000080H.2 SFRSYM    DATA     BIT       P0_2
      000000B0H   SFRSYM    DATA     BIT       P3_0
      000000A0H.1 SFRSYM    DATA     BIT       P2_1
      00000090H.2 SFRSYM    DATA     BIT       P1_2
      00000080H.3 SFRSYM    DATA     BIT       P0_3
      000000B0H.1 SFRSYM    DATA     BIT       P3_1
      000000A0H.2 SFRSYM    DATA     BIT       P2_2
      00000090H.3 SFRSYM    DATA     BIT       P1_3
      00000080H.4 SFRSYM    DATA     BIT       P0_4
      000000B0H.2 SFRSYM    DATA     BIT       P3_2
      000000A0H.3 SFRSYM    DATA     BIT       P2_3
      00000090H.4 SFRSYM    DATA     BIT       P1_4
      00000080H.5 SFRSYM    DATA     BIT       P0_5
      000000B0H.7 SFRSYM    DATA     BIT       RD
      000000B0H.3 SFRSYM    DATA     BIT       P3_3
      000000A0H.4 SFRSYM    DATA     BIT       P2_4
      00000090H.5 SFRSYM    DATA     BIT       P1_5
      00000080H.6 SFRSYM    DATA     BIT       P0_6
      000000B0H.4 SFRSYM    DATA     BIT       P3_4
      000000A0H.5 SFRSYM    DATA     BIT       P2_5
      00000090H.6 SFRSYM    DATA     BIT       P1_6
      00000080H.7 SFRSYM    DATA     BIT       P0_7
      000000B0H.5 SFRSYM    DATA     BIT       P3_5
      000000A8H.4 SFRSYM    DATA     BIT       ES
      000000A0H.6 SFRSYM    DATA     BIT       P2_6
      00000090H.7 SFRSYM    DATA     BIT       P1_7
      000000B0H.6 SFRSYM    DATA     BIT       P3_6
      000000A0H.7 SFRSYM    DATA     BIT       P2_7
      000000B8H   SFRSYM    DATA     BYTE      IP
      000000B0H.7 SFRSYM    DATA     BIT       P3_7
      00000098H   SFRSYM    DATA     BIT       RI
      000000D0H.7 SFRSYM    DATA     BIT       CY
      000000B0H.2 SFRSYM    DATA     BIT       INT0
      000000B0H.3 SFRSYM    DATA     BIT       INT1
      00000098H.1 SFRSYM    DATA     BIT       TI
LX51 LINKER/LOCATER V4.41                                                             10/08/2018  15:13:28  PAGE 10


      000000B8H.4 SFRSYM    DATA     BIT       PS
      00000081H   SFRSYM    DATA     BYTE      SP
      000000D0H.2 SFRSYM    DATA     BIT       OV
      000000B0H.6 SFRSYM    DATA     BIT       WR
      00000099H   SFRSYM    DATA     BYTE      SBUF
      00000087H   SFRSYM    DATA     BYTE      PCON
      00000098H   SFRSYM    DATA     BYTE      SCON
      00000089H   SFRSYM    DATA     BYTE      TMOD
      00000088H   SFRSYM    DATA     BYTE      TCON
      00000088H.1 SFRSYM    DATA     BIT       IE0
      00000088H.3 SFRSYM    DATA     BIT       IE1
      000000F0H   SFRSYM    DATA     BYTE      B
      000000E0H   SFRSYM    DATA     BYTE      ACC
      000000A8H.1 SFRSYM    DATA     BIT       ET0
      000000A8H.3 SFRSYM    DATA     BIT       ET1
      00000088H.5 SFRSYM    DATA     BIT       TF0
      000000A8H.5 SFRSYM    DATA     BIT       ET2
      00000088H.7 SFRSYM    DATA     BIT       TF1
      00000098H.2 SFRSYM    DATA     BIT       RB8
      0000008CH   SFRSYM    DATA     BYTE      TH0
      000000A8H   SFRSYM    DATA     BIT       EX0
      00000088H   SFRSYM    DATA     BIT       IT0
      0000008DH   SFRSYM    DATA     BYTE      TH1
      000000A8H.2 SFRSYM    DATA     BIT       EX1
      00000098H.3 SFRSYM    DATA     BIT       TB8
      00000088H.2 SFRSYM    DATA     BIT       IT1
      000000D0H   SFRSYM    DATA     BIT       P
      00000098H.7 SFRSYM    DATA     BIT       SM0
      0000008AH   SFRSYM    DATA     BYTE      TL0
      00000098H.6 SFRSYM    DATA     BIT       SM1
      0000008BH   SFRSYM    DATA     BYTE      TL1
      00000098H.5 SFRSYM    DATA     BIT       SM2
      000000B8H.1 SFRSYM    DATA     BIT       PT0
      000000D0H.3 SFRSYM    DATA     BIT       RS0
      000000B8H.3 SFRSYM    DATA     BIT       PT1
      000000D0H.4 SFRSYM    DATA     BIT       RS1
      000000B8H.5 SFRSYM    DATA     BIT       PT2
      00000088H.4 SFRSYM    DATA     BIT       TR0
      00000088H.6 SFRSYM    DATA     BIT       TR1
      000000B8H   SFRSYM    DATA     BIT       PX0
      000000B8H.2 SFRSYM    DATA     BIT       PX1
      00000083H   SFRSYM    DATA     BYTE      DPH
      00000082H   SFRSYM    DATA     BYTE      DPL
      00000098H.4 SFRSYM    DATA     BIT       REN
      000000B0H   SFRSYM    DATA     BIT       RXD
      000000B0H.1 SFRSYM    DATA     BIT       TXD
      000000D0H.5 SFRSYM    DATA     BIT       F0
      000000D0H.1 SFRSYM    DATA     BIT       F1
      000000D0H   SFRSYM    DATA     BYTE      PSW

      01000A6CH   BLOCK     CODE     ---       LVL=0
      01000A6CH   LINE      CODE     ---       #9
      01000A6CH   LINE      CODE     ---       #10
      01000A6CH   LINE      CODE     ---       #11
      01000A6FH   LINE      CODE     ---       #12
      01000A72H   LINE      CODE     ---       #13
      01000A75H   LINE      CODE     ---       #14
      01000A78H   LINE      CODE     ---       #15
      01000A7AH   LINE      CODE     ---       #16
      ---         BLOCKEND  ---      ---       LVL=0

      01000003H   BLOCK     CODE     ---       LVL=0
      00000007H   SYMBOL    DATA     CHAR      data_
      01000003H   LINE      CODE     ---       #18
      01000003H   LINE      CODE     ---       #19
LX51 LINKER/LOCATER V4.41                                                             10/08/2018  15:13:28  PAGE 11


      01000003H   LINE      CODE     ---       #20
      01000005H   LINE      CODE     ---       #21
      01000008H   LINE      CODE     ---       #22
      0100000AH   LINE      CODE     ---       #24
      ---         BLOCKEND  ---      ---       LVL=0

      0100000EH   BLOCK     CODE     ---       LVL=0
      00000001H   SYMBOL    DATA     ---       str
      0100000EH   LINE      CODE     ---       #26
      0100000EH   LINE      CODE     ---       #27
      0100000EH   LINE      CODE     ---       #28
      01000014H   LINE      CODE     ---       #29
      01000014H   LINE      CODE     ---       #30
      01000017H   LINE      CODE     ---       #31
      0100001EH   LINE      CODE     ---       #32
      01000020H   LINE      CODE     ---       #33
      ---         BLOCKEND  ---      ---       LVL=0

      ---         MODULE    ---      ---       CLI
      00000065H   PUBLIC    DATA     ---       command
      00000062H   PUBLIC    DATA     ---       head_cmd
      0000005FH   PUBLIC    DATA     ---       current_cmd
      01000809H   PUBLIC    CODE     ---       _prepare_cli
      0100037FH   PUBLIC    CODE     ---       _parse_cli
      01000648H   PUBLIC    CODE     ---       _cli_add
      01000A16H   PUBLIC    CODE     ---       cli_init
      01000540H   PUBLIC    CODE     ---       _help
      0100076BH   PUBLIC    CODE     ---       _test_callback
      00000080H   SFRSYM    DATA     BYTE      P0
      00000090H   SFRSYM    DATA     BYTE      P1
      000000A0H   SFRSYM    DATA     BYTE      P2
      000000B0H   SFRSYM    DATA     BYTE      P3
      000000D0H.6 SFRSYM    DATA     BIT       AC
      000000B0H.4 SFRSYM    DATA     BIT       T0
      000000B0H.5 SFRSYM    DATA     BIT       T1
      000000A8H.7 SFRSYM    DATA     BIT       EA
      000000A8H   SFRSYM    DATA     BYTE      IE
      00000080H   SFRSYM    DATA     BIT       P0_0
      00000090H   SFRSYM    DATA     BIT       P1_0
      00000080H.1 SFRSYM    DATA     BIT       P0_1
      000000A0H   SFRSYM    DATA     BIT       P2_0
      00000090H.1 SFRSYM    DATA     BIT       P1_1
      00000080H.2 SFRSYM    DATA     BIT       P0_2
      000000B0H   SFRSYM    DATA     BIT       P3_0
      000000A0H.1 SFRSYM    DATA     BIT       P2_1
      00000090H.2 SFRSYM    DATA     BIT       P1_2
      00000080H.3 SFRSYM    DATA     BIT       P0_3
      000000B0H.1 SFRSYM    DATA     BIT       P3_1
      000000A0H.2 SFRSYM    DATA     BIT       P2_2
      00000090H.3 SFRSYM    DATA     BIT       P1_3
      00000080H.4 SFRSYM    DATA     BIT       P0_4
      000000B0H.2 SFRSYM    DATA     BIT       P3_2
      000000A0H.3 SFRSYM    DATA     BIT       P2_3
      00000090H.4 SFRSYM    DATA     BIT       P1_4
      00000080H.5 SFRSYM    DATA     BIT       P0_5
      000000B0H.7 SFRSYM    DATA     BIT       RD
      000000B0H.3 SFRSYM    DATA     BIT       P3_3
      000000A0H.4 SFRSYM    DATA     BIT       P2_4
      00000090H.5 SFRSYM    DATA     BIT       P1_5
      00000080H.6 SFRSYM    DATA     BIT       P0_6
      000000B0H.4 SFRSYM    DATA     BIT       P3_4
      000000A0H.5 SFRSYM    DATA     BIT       P2_5
      00000090H.6 SFRSYM    DATA     BIT       P1_6
      00000080H.7 SFRSYM    DATA     BIT       P0_7
      000000B0H.5 SFRSYM    DATA     BIT       P3_5
LX51 LINKER/LOCATER V4.41                                                             10/08/2018  15:13:28  PAGE 12


      000000A8H.4 SFRSYM    DATA     BIT       ES
      000000A0H.6 SFRSYM    DATA     BIT       P2_6
      00000090H.7 SFRSYM    DATA     BIT       P1_7
      000000B0H.6 SFRSYM    DATA     BIT       P3_6
      000000A0H.7 SFRSYM    DATA     BIT       P2_7
      000000B8H   SFRSYM    DATA     BYTE      IP
      000000B0H.7 SFRSYM    DATA     BIT       P3_7
      00000098H   SFRSYM    DATA     BIT       RI
      000000D0H.7 SFRSYM    DATA     BIT       CY
      000000B0H.2 SFRSYM    DATA     BIT       INT0
      000000B0H.3 SFRSYM    DATA     BIT       INT1
      00000098H.1 SFRSYM    DATA     BIT       TI
      000000B8H.4 SFRSYM    DATA     BIT       PS
      00000081H   SFRSYM    DATA     BYTE      SP
      000000D0H.2 SFRSYM    DATA     BIT       OV
      000000B0H.6 SFRSYM    DATA     BIT       WR
      00000099H   SFRSYM    DATA     BYTE      SBUF
      00000087H   SFRSYM    DATA     BYTE      PCON
      00000098H   SFRSYM    DATA     BYTE      SCON
      00000089H   SFRSYM    DATA     BYTE      TMOD
      00000088H   SFRSYM    DATA     BYTE      TCON
      00000088H.1 SFRSYM    DATA     BIT       IE0
      00000088H.3 SFRSYM    DATA     BIT       IE1
      000000F0H   SFRSYM    DATA     BYTE      B
      000000E0H   SFRSYM    DATA     BYTE      ACC
      000000A8H.1 SFRSYM    DATA     BIT       ET0
      000000A8H.3 SFRSYM    DATA     BIT       ET1
      00000088H.5 SFRSYM    DATA     BIT       TF0
      000000A8H.5 SFRSYM    DATA     BIT       ET2
      00000088H.7 SFRSYM    DATA     BIT       TF1
      00000098H.2 SFRSYM    DATA     BIT       RB8
      0000008CH   SFRSYM    DATA     BYTE      TH0
      000000A8H   SFRSYM    DATA     BIT       EX0
      00000088H   SFRSYM    DATA     BIT       IT0
      0000008DH   SFRSYM    DATA     BYTE      TH1
      000000A8H.2 SFRSYM    DATA     BIT       EX1
      00000098H.3 SFRSYM    DATA     BIT       TB8
      00000088H.2 SFRSYM    DATA     BIT       IT1
      000000D0H   SFRSYM    DATA     BIT       P
      00000098H.7 SFRSYM    DATA     BIT       SM0
      0000008AH   SFRSYM    DATA     BYTE      TL0
      00000098H.6 SFRSYM    DATA     BIT       SM1
      0000008BH   SFRSYM    DATA     BYTE      TL1
      00000098H.5 SFRSYM    DATA     BIT       SM2
      000000B8H.1 SFRSYM    DATA     BIT       PT0
      000000D0H.3 SFRSYM    DATA     BIT       RS0
      000000B8H.3 SFRSYM    DATA     BIT       PT1
      000000D0H.4 SFRSYM    DATA     BIT       RS1
      000000B8H.5 SFRSYM    DATA     BIT       PT2
      00000088H.4 SFRSYM    DATA     BIT       TR0
      00000088H.6 SFRSYM    DATA     BIT       TR1
      000000B8H   SFRSYM    DATA     BIT       PX0
      000000B8H.2 SFRSYM    DATA     BIT       PX1
      00000083H   SFRSYM    DATA     BYTE      DPH
      00000082H   SFRSYM    DATA     BYTE      DPL
      00000098H.4 SFRSYM    DATA     BIT       REN
      000000B0H   SFRSYM    DATA     BIT       RXD
      000000B0H.1 SFRSYM    DATA     BIT       TXD
      000000D0H.5 SFRSYM    DATA     BIT       F0
      000000D0H.1 SFRSYM    DATA     BIT       F1
      000000D0H   SFRSYM    DATA     BYTE      PSW

      0100076BH   BLOCK     CODE     ---       LVL=0
      00000008H   SYMBOL    DATA     CHAR      argc
      00000009H   SYMBOL    DATA     ---       argv
LX51 LINKER/LOCATER V4.41                                                             10/08/2018  15:13:28  PAGE 13


      01000773H   BLOCK     CODE     NEAR LAB  LVL=1
      0000000CH   SYMBOL    DATA     ---       temp_cmd
      0000000FH   SYMBOL    DATA     CHAR      i
      ---         BLOCKEND  ---      ---       LVL=1
      0100076BH   LINE      CODE     ---       #6
      01000773H   LINE      CODE     ---       #7
      01000773H   LINE      CODE     ---       #10
      0100077CH   LINE      CODE     ---       #12
      0100077FH   LINE      CODE     ---       #13
      01000787H   LINE      CODE     ---       #14
      01000787H   LINE      CODE     ---       #15
      01000789H   LINE      CODE     ---       #16
      0100078EH   LINE      CODE     ---       #17
      01000797H   LINE      CODE     ---       #18
      010007A3H   LINE      CODE     ---       #19
      010007ACH   LINE      CODE     ---       #21
      010007BEH   LINE      CODE     ---       #22
      010007C0H   LINE      CODE     ---       #23
      ---         BLOCKEND  ---      ---       LVL=0

      01000540H   BLOCK     CODE     ---       LVL=0
      00000008H   SYMBOL    DATA     BYTE      argc
      00000009H   SYMBOL    DATA     ---       argv
      01000548H   BLOCK     CODE     NEAR LAB  LVL=1
      0000000CH   SYMBOL    DATA     ---       temp_cmd
      ---         BLOCKEND  ---      ---       LVL=1
      01000540H   LINE      CODE     ---       #25
      01000548H   LINE      CODE     ---       #26
      01000548H   LINE      CODE     ---       #27
      01000551H   LINE      CODE     ---       #29
      01000559H   LINE      CODE     ---       #30
      01000559H   LINE      CODE     ---       #31
      0100055DH   LINE      CODE     ---       #32
      0100055DH   LINE      CODE     ---       #33
      01000569H   LINE      CODE     ---       #34
      01000572H   LINE      CODE     ---       #35
      01000574H   LINE      CODE     ---       #37
      01000574H   LINE      CODE     ---       #38
      0100059EH   LINE      CODE     ---       #39
      0100059EH   LINE      CODE     ---       #40
      010005AAH   LINE      CODE     ---       #41
      010005B3H   LINE      CODE     ---       #42
      010005B3H   LINE      CODE     ---       #43
      010005B3H   LINE      CODE     ---       #44
      010005B3H   LINE      CODE     ---       #46
      010005C5H   LINE      CODE     ---       #47
      010005C7H   LINE      CODE     ---       #49
      ---         BLOCKEND  ---      ---       LVL=0

      01000A16H   BLOCK     CODE     ---       LVL=0
      01000A16H   LINE      CODE     ---       #51
      01000A16H   LINE      CODE     ---       #52
      01000A16H   LINE      CODE     ---       #53
      01000A1FH   LINE      CODE     ---       #54
      01000A24H   LINE      CODE     ---       #55
      01000A2DH   LINE      CODE     ---       #56
      01000A33H   LINE      CODE     ---       #58
      01000A3BH   LINE      CODE     ---       #59
      01000A43H   LINE      CODE     ---       #60
      ---         BLOCKEND  ---      ---       LVL=0

      01000648H   BLOCK     CODE     ---       LVL=0
      00000008H   SYMBOL    DATA     ---       list_cmd
      0000000BH   SYMBOL    DATA     BYTE      num_cmd
      01000650H   BLOCK     CODE     NEAR LAB  LVL=1
LX51 LINKER/LOCATER V4.41                                                             10/08/2018  15:13:28  PAGE 14


      0000000CH   SYMBOL    DATA     BYTE      i
      ---         BLOCKEND  ---      ---       LVL=1
      01000648H   LINE      CODE     ---       #62
      01000650H   LINE      CODE     ---       #63
      01000650H   LINE      CODE     ---       #64
      01000653H   LINE      CODE     ---       #66
      0100065CH   LINE      CODE     ---       #67
      0100065CH   LINE      CODE     ---       #68
      0100067EH   LINE      CODE     ---       #69
      01000690H   LINE      CODE     ---       #70
      010006A8H   LINE      CODE     ---       #71
      010006ACH   LINE      CODE     ---       #72
      ---         BLOCKEND  ---      ---       LVL=0

      0100037FH   BLOCK     CODE     ---       LVL=0
      00000009H   SYMBOL    DATA     ---       buffer
      0000000CH   SYMBOL    DATA     BYTE      len_buffer
      01000387H   BLOCK     CODE     NEAR LAB  LVL=1
      0000000DH   SYMBOL    DATA     ---       temp_cmd
      00000010H   SYMBOL    DATA     ---       temp_str
      00000013H   SYMBOL    DATA     ---       input_parameter
      00000022H   SYMBOL    DATA     BYTE      num_input
      ---         BLOCKEND  ---      ---       LVL=1
      0100037FH   LINE      CODE     ---       #80
      01000387H   LINE      CODE     ---       #81
      01000387H   LINE      CODE     ---       #82
      01000390H   LINE      CODE     ---       #83
      01000399H   LINE      CODE     ---       #85
      0100039CH   LINE      CODE     ---       #87
      010003AEH   LINE      CODE     ---       #89
      010003B9H   LINE      CODE     ---       #90
      010003B9H   LINE      CODE     ---       #91
      010003D4H   LINE      CODE     ---       #92
      010003D4H   LINE      CODE     ---       #93
      010003D6H   LINE      CODE     ---       #94
      010003E4H   LINE      CODE     ---       #95
      010003ECH   LINE      CODE     ---       #96
      010003ECH   LINE      CODE     ---       #97
      01000402H   LINE      CODE     ---       #98
      01000402H   LINE      CODE     ---       #99
      01000404H   LINE      CODE     ---       #100
      01000404H   LINE      CODE     ---       #102
      01000404H   LINE      CODE     ---       #103
      01000419H   LINE      CODE     ---       #104
      0100041BH   LINE      CODE     ---       #105
      01000433H   LINE      CODE     ---       #106
      01000433H   LINE      CODE     ---       #107
      01000435H   LINE      CODE     ---       #108
      01000435H   LINE      CODE     ---       #109
      01000435H   LINE      CODE     ---       #110
      01000447H   LINE      CODE     ---       #111
      0100044AH   LINE      CODE     ---       #113
      01000452H   LINE      CODE     ---       #114
      01000452H   LINE      CODE     ---       #115
      01000467H   LINE      CODE     ---       #116
      01000467H   LINE      CODE     ---       #117
      01000467H   LINE      CODE     ---       #118
      01000469H   LINE      CODE     ---       #119
      0100047CH   LINE      CODE     ---       #120
      0100047CH   LINE      CODE     ---       #121
      010004A2H   LINE      CODE     ---       #122
      010004A2H   LINE      CODE     ---       #124
      010004A2H   LINE      CODE     ---       #125
      010004A8H   LINE      CODE     ---       #126
      010004A8H   LINE      CODE     ---       #128
LX51 LINKER/LOCATER V4.41                                                             10/08/2018  15:13:28  PAGE 15


      010004AAH   LINE      CODE     ---       #130
      010004AAH   LINE      CODE     ---       #131
      010004B3H   LINE      CODE     ---       #132
      010004B3H   LINE      CODE     ---       #134
      ---         BLOCKEND  ---      ---       LVL=0

      01000809H   BLOCK     CODE     ---       LVL=0
      00000008H   SYMBOL    DATA     CHAR      rx_data
      0100080BH   BLOCK     CODE     NEAR LAB  LVL=1
      00000007H   SYMBOL    DATA     CHAR      result
      ---         BLOCKEND  ---      ---       LVL=1
      01000809H   LINE      CODE     ---       #141
      0100080BH   LINE      CODE     ---       #142
      0100080BH   LINE      CODE     ---       #143
      0100080DH   LINE      CODE     ---       #144
      01000813H   LINE      CODE     ---       #145
      01000813H   LINE      CODE     ---       #147
      0100081DH   LINE      CODE     ---       #148
      01000820H   LINE      CODE     ---       #149
      0100082CH   LINE      CODE     ---       #151
      0100082EH   LINE      CODE     ---       #152
      01000830H   LINE      CODE     ---       #153
      01000835H   LINE      CODE     ---       #154
      01000835H   LINE      CODE     ---       #155
      0100083CH   LINE      CODE     ---       #156
      0100083CH   LINE      CODE     ---       #157
      0100083EH   LINE      CODE     ---       #158
      01000845H   LINE      CODE     ---       #159
      01000845H   LINE      CODE     ---       #160
      01000847H   LINE      CODE     ---       #162
      01000847H   LINE      CODE     ---       #163
      0100084EH   LINE      CODE     ---       #164
      01000850H   LINE      CODE     ---       #165
      01000850H   LINE      CODE     ---       #166
      01000850H   LINE      CODE     ---       #167
      ---         BLOCKEND  ---      ---       LVL=0

      ---         MODULE    ---      ---       GPIO
      01000967H   PUBLIC    CODE     ---       _led_callback
      01000897H   PUBLIC    CODE     ---       _led_off
      01000851H   PUBLIC    CODE     ---       _led_on
      00000080H   SFRSYM    DATA     BYTE      P0
      00000090H   SFRSYM    DATA     BYTE      P1
      000000A0H   SFRSYM    DATA     BYTE      P2
      000000B0H   SFRSYM    DATA     BYTE      P3
      000000D0H.6 SFRSYM    DATA     BIT       AC
      000000B0H.4 SFRSYM    DATA     BIT       T0
      000000B0H.5 SFRSYM    DATA     BIT       T1
      000000A8H.7 SFRSYM    DATA     BIT       EA
      000000A8H   SFRSYM    DATA     BYTE      IE
      00000080H   SFRSYM    DATA     BIT       P0_0
      00000090H   SFRSYM    DATA     BIT       P1_0
      00000080H.1 SFRSYM    DATA     BIT       P0_1
      000000A0H   SFRSYM    DATA     BIT       P2_0
      00000090H.1 SFRSYM    DATA     BIT       P1_1
      00000080H.2 SFRSYM    DATA     BIT       P0_2
      000000B0H   SFRSYM    DATA     BIT       P3_0
      000000A0H.1 SFRSYM    DATA     BIT       P2_1
      00000090H.2 SFRSYM    DATA     BIT       P1_2
      00000080H.3 SFRSYM    DATA     BIT       P0_3
      000000B0H.1 SFRSYM    DATA     BIT       P3_1
      000000A0H.2 SFRSYM    DATA     BIT       P2_2
      00000090H.3 SFRSYM    DATA     BIT       P1_3
      00000080H.4 SFRSYM    DATA     BIT       P0_4
      000000B0H.2 SFRSYM    DATA     BIT       P3_2
LX51 LINKER/LOCATER V4.41                                                             10/08/2018  15:13:28  PAGE 16


      000000A0H.3 SFRSYM    DATA     BIT       P2_3
      00000090H.4 SFRSYM    DATA     BIT       P1_4
      00000080H.5 SFRSYM    DATA     BIT       P0_5
      000000B0H.7 SFRSYM    DATA     BIT       RD
      000000B0H.3 SFRSYM    DATA     BIT       P3_3
      000000A0H.4 SFRSYM    DATA     BIT       P2_4
      00000090H.5 SFRSYM    DATA     BIT       P1_5
      00000080H.6 SFRSYM    DATA     BIT       P0_6
      000000B0H.4 SFRSYM    DATA     BIT       P3_4
      000000A0H.5 SFRSYM    DATA     BIT       P2_5
      00000090H.6 SFRSYM    DATA     BIT       P1_6
      00000080H.7 SFRSYM    DATA     BIT       P0_7
      000000B0H.5 SFRSYM    DATA     BIT       P3_5
      000000A8H.4 SFRSYM    DATA     BIT       ES
      000000A0H.6 SFRSYM    DATA     BIT       P2_6
      00000090H.7 SFRSYM    DATA     BIT       P1_7
      000000B0H.6 SFRSYM    DATA     BIT       P3_6
      000000A0H.7 SFRSYM    DATA     BIT       P2_7
      000000B8H   SFRSYM    DATA     BYTE      IP
      000000B0H.7 SFRSYM    DATA     BIT       P3_7
      00000098H   SFRSYM    DATA     BIT       RI
      000000D0H.7 SFRSYM    DATA     BIT       CY
      000000B0H.2 SFRSYM    DATA     BIT       INT0
      000000B0H.3 SFRSYM    DATA     BIT       INT1
      00000098H.1 SFRSYM    DATA     BIT       TI
      000000B8H.4 SFRSYM    DATA     BIT       PS
      00000081H   SFRSYM    DATA     BYTE      SP
      000000D0H.2 SFRSYM    DATA     BIT       OV
      000000B0H.6 SFRSYM    DATA     BIT       WR
      00000099H   SFRSYM    DATA     BYTE      SBUF
      00000087H   SFRSYM    DATA     BYTE      PCON
      00000098H   SFRSYM    DATA     BYTE      SCON
      00000089H   SFRSYM    DATA     BYTE      TMOD
      00000088H   SFRSYM    DATA     BYTE      TCON
      00000088H.1 SFRSYM    DATA     BIT       IE0
      00000088H.3 SFRSYM    DATA     BIT       IE1
      000000F0H   SFRSYM    DATA     BYTE      B
      000000E0H   SFRSYM    DATA     BYTE      ACC
      000000A8H.1 SFRSYM    DATA     BIT       ET0
      000000A8H.3 SFRSYM    DATA     BIT       ET1
      00000088H.5 SFRSYM    DATA     BIT       TF0
      000000A8H.5 SFRSYM    DATA     BIT       ET2
      00000088H.7 SFRSYM    DATA     BIT       TF1
      00000098H.2 SFRSYM    DATA     BIT       RB8
      0000008CH   SFRSYM    DATA     BYTE      TH0
      000000A8H   SFRSYM    DATA     BIT       EX0
      00000088H   SFRSYM    DATA     BIT       IT0
      0000008DH   SFRSYM    DATA     BYTE      TH1
      000000A8H.2 SFRSYM    DATA     BIT       EX1
      00000098H.3 SFRSYM    DATA     BIT       TB8
      00000088H.2 SFRSYM    DATA     BIT       IT1
      000000D0H   SFRSYM    DATA     BIT       P
      00000098H.7 SFRSYM    DATA     BIT       SM0
      0000008AH   SFRSYM    DATA     BYTE      TL0
      00000098H.6 SFRSYM    DATA     BIT       SM1
      0000008BH   SFRSYM    DATA     BYTE      TL1
      00000098H.5 SFRSYM    DATA     BIT       SM2
      000000B8H.1 SFRSYM    DATA     BIT       PT0
      000000D0H.3 SFRSYM    DATA     BIT       RS0
      000000B8H.3 SFRSYM    DATA     BIT       PT1
      000000D0H.4 SFRSYM    DATA     BIT       RS1
      000000B8H.5 SFRSYM    DATA     BIT       PT2
      00000088H.4 SFRSYM    DATA     BIT       TR0
      00000088H.6 SFRSYM    DATA     BIT       TR1
      000000B8H   SFRSYM    DATA     BIT       PX0
LX51 LINKER/LOCATER V4.41                                                             10/08/2018  15:13:28  PAGE 17


      000000B8H.2 SFRSYM    DATA     BIT       PX1
      00000083H   SFRSYM    DATA     BYTE      DPH
      00000082H   SFRSYM    DATA     BYTE      DPL
      00000098H.4 SFRSYM    DATA     BIT       REN
      000000B0H   SFRSYM    DATA     BIT       RXD
      000000B0H.1 SFRSYM    DATA     BIT       TXD
      000000D0H.5 SFRSYM    DATA     BIT       F0
      000000D0H.1 SFRSYM    DATA     BIT       F1
      000000D0H   SFRSYM    DATA     BYTE      PSW

      01000851H   BLOCK     CODE     ---       LVL=0
      00000007H   SYMBOL    DATA     BYTE      led_pin
      01000851H   LINE      CODE     ---       #3
      01000851H   LINE      CODE     ---       #4
      01000851H   LINE      CODE     ---       #5
      0100087FH   LINE      CODE     ---       #6
      0100087FH   LINE      CODE     ---       #7
      0100087FH   LINE      CODE     ---       #8
      01000881H   LINE      CODE     ---       #9
      01000882H   LINE      CODE     ---       #10
      01000882H   LINE      CODE     ---       #11
      01000884H   LINE      CODE     ---       #12
      01000885H   LINE      CODE     ---       #13
      01000885H   LINE      CODE     ---       #14
      01000887H   LINE      CODE     ---       #15
      01000888H   LINE      CODE     ---       #16
      01000888H   LINE      CODE     ---       #17
      0100088AH   LINE      CODE     ---       #18
      0100088BH   LINE      CODE     ---       #19
      0100088BH   LINE      CODE     ---       #20
      0100088DH   LINE      CODE     ---       #21
      0100088EH   LINE      CODE     ---       #22
      0100088EH   LINE      CODE     ---       #23
      01000890H   LINE      CODE     ---       #24
      01000891H   LINE      CODE     ---       #25
      01000891H   LINE      CODE     ---       #26
      01000893H   LINE      CODE     ---       #27
      01000894H   LINE      CODE     ---       #28
      01000894H   LINE      CODE     ---       #29
      01000896H   LINE      CODE     ---       #30
      01000896H   LINE      CODE     ---       #31
      01000896H   LINE      CODE     ---       #32
      ---         BLOCKEND  ---      ---       LVL=0

      01000897H   BLOCK     CODE     ---       LVL=0
      00000007H   SYMBOL    DATA     BYTE      led_pin
      01000897H   LINE      CODE     ---       #33
      01000897H   LINE      CODE     ---       #34
      01000897H   LINE      CODE     ---       #35
      010008C5H   LINE      CODE     ---       #36
      010008C5H   LINE      CODE     ---       #37
      010008C5H   LINE      CODE     ---       #38
      010008C7H   LINE      CODE     ---       #39
      010008C8H   LINE      CODE     ---       #40
      010008C8H   LINE      CODE     ---       #41
      010008CAH   LINE      CODE     ---       #42
      010008CBH   LINE      CODE     ---       #43
      010008CBH   LINE      CODE     ---       #44
      010008CDH   LINE      CODE     ---       #45
      010008CEH   LINE      CODE     ---       #46
      010008CEH   LINE      CODE     ---       #47
      010008D0H   LINE      CODE     ---       #48
      010008D1H   LINE      CODE     ---       #49
      010008D1H   LINE      CODE     ---       #50
      010008D3H   LINE      CODE     ---       #51
LX51 LINKER/LOCATER V4.41                                                             10/08/2018  15:13:28  PAGE 18


      010008D4H   LINE      CODE     ---       #52
      010008D4H   LINE      CODE     ---       #53
      010008D6H   LINE      CODE     ---       #54
      010008D7H   LINE      CODE     ---       #55
      010008D7H   LINE      CODE     ---       #56
      010008D9H   LINE      CODE     ---       #57
      010008DAH   LINE      CODE     ---       #58
      010008DAH   LINE      CODE     ---       #59
      010008DCH   LINE      CODE     ---       #60
      010008DCH   LINE      CODE     ---       #61
      010008DCH   LINE      CODE     ---       #62
      ---         BLOCKEND  ---      ---       LVL=0

      01000967H   BLOCK     CODE     ---       LVL=0
      00000008H   SYMBOL    DATA     BYTE      argc
      00000009H   SYMBOL    DATA     ---       argv
      0100096FH   BLOCK     CODE     NEAR LAB  LVL=1
      0000000CH   SYMBOL    DATA     BYTE      led_id
      ---         BLOCKEND  ---      ---       LVL=1
      01000967H   LINE      CODE     ---       #63
      0100096FH   LINE      CODE     ---       #64
      0100096FH   LINE      CODE     ---       #65
      01000977H   LINE      CODE     ---       #66
      01000991H   LINE      CODE     ---       #67
      01000991H   LINE      CODE     ---       #68
      01000998H   LINE      CODE     ---       #69
      0100099DH   LINE      CODE     ---       #70
      0100099DH   LINE      CODE     ---       #71
      010009A4H   LINE      CODE     ---       #72
      010009A9H   LINE      CODE     ---       #73
      010009A9H   LINE      CODE     ---       #74
      ---         BLOCKEND  ---      ---       LVL=0

      ---         MODULE    ---      ---       TIMER
      00000070H   PUBLIC    DATA     DWORD     tick
      01000A5AH   PUBLIC    CODE     ---       timer0_init
      00000080H   SFRSYM    DATA     BYTE      P0
      00000090H   SFRSYM    DATA     BYTE      P1
      000000A0H   SFRSYM    DATA     BYTE      P2
      000000B0H   SFRSYM    DATA     BYTE      P3
      000000D0H.6 SFRSYM    DATA     BIT       AC
      000000B0H.4 SFRSYM    DATA     BIT       T0
      000000B0H.5 SFRSYM    DATA     BIT       T1
      000000A8H.7 SFRSYM    DATA     BIT       EA
      000000A8H   SFRSYM    DATA     BYTE      IE
      00000080H   SFRSYM    DATA     BIT       P0_0
      00000090H   SFRSYM    DATA     BIT       P1_0
      00000080H.1 SFRSYM    DATA     BIT       P0_1
      000000A0H   SFRSYM    DATA     BIT       P2_0
      00000090H.1 SFRSYM    DATA     BIT       P1_1
      00000080H.2 SFRSYM    DATA     BIT       P0_2
      000000B0H   SFRSYM    DATA     BIT       P3_0
      000000A0H.1 SFRSYM    DATA     BIT       P2_1
      00000090H.2 SFRSYM    DATA     BIT       P1_2
      00000080H.3 SFRSYM    DATA     BIT       P0_3
      000000B0H.1 SFRSYM    DATA     BIT       P3_1
      000000A0H.2 SFRSYM    DATA     BIT       P2_2
      00000090H.3 SFRSYM    DATA     BIT       P1_3
      00000080H.4 SFRSYM    DATA     BIT       P0_4
      000000B0H.2 SFRSYM    DATA     BIT       P3_2
      000000A0H.3 SFRSYM    DATA     BIT       P2_3
      00000090H.4 SFRSYM    DATA     BIT       P1_4
      00000080H.5 SFRSYM    DATA     BIT       P0_5
      000000B0H.7 SFRSYM    DATA     BIT       RD
      000000B0H.3 SFRSYM    DATA     BIT       P3_3
LX51 LINKER/LOCATER V4.41                                                             10/08/2018  15:13:28  PAGE 19


      000000A0H.4 SFRSYM    DATA     BIT       P2_4
      00000090H.5 SFRSYM    DATA     BIT       P1_5
      00000080H.6 SFRSYM    DATA     BIT       P0_6
      000000B0H.4 SFRSYM    DATA     BIT       P3_4
      000000A0H.5 SFRSYM    DATA     BIT       P2_5
      00000090H.6 SFRSYM    DATA     BIT       P1_6
      00000080H.7 SFRSYM    DATA     BIT       P0_7
      000000B0H.5 SFRSYM    DATA     BIT       P3_5
      000000A8H.4 SFRSYM    DATA     BIT       ES
      000000A0H.6 SFRSYM    DATA     BIT       P2_6
      00000090H.7 SFRSYM    DATA     BIT       P1_7
      000000B0H.6 SFRSYM    DATA     BIT       P3_6
      000000A0H.7 SFRSYM    DATA     BIT       P2_7
      000000B8H   SFRSYM    DATA     BYTE      IP
      000000B0H.7 SFRSYM    DATA     BIT       P3_7
      00000098H   SFRSYM    DATA     BIT       RI
      000000D0H.7 SFRSYM    DATA     BIT       CY
      000000B0H.2 SFRSYM    DATA     BIT       INT0
      000000B0H.3 SFRSYM    DATA     BIT       INT1
      00000098H.1 SFRSYM    DATA     BIT       TI
      000000B8H.4 SFRSYM    DATA     BIT       PS
      00000081H   SFRSYM    DATA     BYTE      SP
      000000D0H.2 SFRSYM    DATA     BIT       OV
      000000B0H.6 SFRSYM    DATA     BIT       WR
      00000099H   SFRSYM    DATA     BYTE      SBUF
      00000087H   SFRSYM    DATA     BYTE      PCON
      00000098H   SFRSYM    DATA     BYTE      SCON
      00000089H   SFRSYM    DATA     BYTE      TMOD
      00000088H   SFRSYM    DATA     BYTE      TCON
      00000088H.1 SFRSYM    DATA     BIT       IE0
      00000088H.3 SFRSYM    DATA     BIT       IE1
      000000F0H   SFRSYM    DATA     BYTE      B
      000000E0H   SFRSYM    DATA     BYTE      ACC
      000000A8H.1 SFRSYM    DATA     BIT       ET0
      000000A8H.3 SFRSYM    DATA     BIT       ET1
      00000088H.5 SFRSYM    DATA     BIT       TF0
      000000A8H.5 SFRSYM    DATA     BIT       ET2
      00000088H.7 SFRSYM    DATA     BIT       TF1
      00000098H.2 SFRSYM    DATA     BIT       RB8
      0000008CH   SFRSYM    DATA     BYTE      TH0
      000000A8H   SFRSYM    DATA     BIT       EX0
      00000088H   SFRSYM    DATA     BIT       IT0
      0000008DH   SFRSYM    DATA     BYTE      TH1
      000000A8H.2 SFRSYM    DATA     BIT       EX1
      00000098H.3 SFRSYM    DATA     BIT       TB8
      00000088H.2 SFRSYM    DATA     BIT       IT1
      000000D0H   SFRSYM    DATA     BIT       P
      00000098H.7 SFRSYM    DATA     BIT       SM0
      0000008AH   SFRSYM    DATA     BYTE      TL0
      00000098H.6 SFRSYM    DATA     BIT       SM1
      0000008BH   SFRSYM    DATA     BYTE      TL1
      00000098H.5 SFRSYM    DATA     BIT       SM2
      000000B8H.1 SFRSYM    DATA     BIT       PT0
      000000D0H.3 SFRSYM    DATA     BIT       RS0
      000000B8H.3 SFRSYM    DATA     BIT       PT1
      000000D0H.4 SFRSYM    DATA     BIT       RS1
      000000B8H.5 SFRSYM    DATA     BIT       PT2
      00000088H.4 SFRSYM    DATA     BIT       TR0
      00000088H.6 SFRSYM    DATA     BIT       TR1
      000000B8H   SFRSYM    DATA     BIT       PX0
      000000B8H.2 SFRSYM    DATA     BIT       PX1
      00000083H   SFRSYM    DATA     BYTE      DPH
      00000082H   SFRSYM    DATA     BYTE      DPL
      00000098H.4 SFRSYM    DATA     BIT       REN
      000000B0H   SFRSYM    DATA     BIT       RXD
LX51 LINKER/LOCATER V4.41                                                             10/08/2018  15:13:28  PAGE 20


      000000B0H.1 SFRSYM    DATA     BIT       TXD
      000000D0H.5 SFRSYM    DATA     BIT       F0
      000000D0H.1 SFRSYM    DATA     BIT       F1
      000000D0H   SFRSYM    DATA     BYTE      PSW

      01000A5AH   BLOCK     CODE     ---       LVL=0
      01000A5AH   LINE      CODE     ---       #6
      01000A5AH   LINE      CODE     ---       #7
      01000A5AH   LINE      CODE     ---       #8
      01000A5DH   LINE      CODE     ---       #9
      01000A60H   LINE      CODE     ---       #11
      01000A63H   LINE      CODE     ---       #12
      01000A66H   LINE      CODE     ---       #14
      01000A69H   LINE      CODE     ---       #16
      01000A6BH   LINE      CODE     ---       #17
      ---         BLOCKEND  ---      ---       LVL=0

      ---         MODULE    ---      ---       ?C_STARTUP
      01000000H   PUBLIC    CODE     ---       ?C_STARTUP

      ---         MODULE    ---      ---       ?C?CLDPTR
      01000026H   PUBLIC    CODE     ---       ?C?CLDPTR

      ---         MODULE    ---      ---       ?C?ILDOPTR
      0100003FH   PUBLIC    CODE     ---       ?C?ILDOPTR

      ---         MODULE    ---      ---       ?C?ULCMP
      01000077H   PUBLIC    CODE     ---       ?C?ULCMP

      ---         MODULE    ---      ---       ?C?PLDPTR
      01000088H   PUBLIC    CODE     ---       ?C?PLDPTR

      ---         MODULE    ---      ---       ?C?PLDOPTR
      010000A8H   PUBLIC    CODE     ---       ?C?PLDOPTR

      ---         MODULE    ---      ---       ?C?PSTOPTR
      010000D8H   PUBLIC    CODE     ---       ?C?PSTOPTR

      ---         MODULE    ---      ---       ?C?ICALL
      01000131H   PUBLIC    CODE     ---       ?C?ICALL
      01000135H   PUBLIC    CODE     ---       ?C?ICALL2

      ---         MODULE    ---      ---       ?C?STRCMP
      010002B5H   PUBLIC    CODE     ---       ?C?STRCMP

      ---         MODULE    ---      ---       STRTOK
      00000023H   PUBLIC    DATA     ---       ?_STRTOK?BYTE
      010005C8H   PUBLIC    CODE     ---       _STRTOK

      ---         MODULE    ---      ---       ?C?MEMSET
      010002D2H   PUBLIC    CODE     ---       ?C?MEMSET

      ---         MODULE    ---      ---       ?C_INIT
      010004FBH   PUBLIC    CODE     ---       ?C_START

      ---         MODULE    ---      ---       ?C?CSTPTR
      010002FEH   PUBLIC    CODE     ---       ?C?CSTPTR

      ---         MODULE    ---      ---       ?C?PLDIDATA
      01000310H   PUBLIC    CODE     ---       ?C?PLDIDATA

      ---         MODULE    ---      ---       ?C?PSTIDATA
      01000319H   PUBLIC    CODE     ---       ?C?PSTIDATA

      ---         MODULE    ---      ---       ?C?PLDXDATA
LX51 LINKER/LOCATER V4.41                                                             10/08/2018  15:13:28  PAGE 21


      01000322H   PUBLIC    CODE     ---       ?C?PLDXDATA

      ---         MODULE    ---      ---       ?C?PSTXDATA
      0100032BH   PUBLIC    CODE     ---       ?C?PSTXDATA

      ---         MODULE    ---      ---       ?C?PLDPDATA
      01000334H   PUBLIC    CODE     ---       ?C?PLDPDATA

      ---         MODULE    ---      ---       ?C?PSTPDATA
      0100033DH   PUBLIC    CODE     ---       ?C?PSTPDATA

      ---         MODULE    ---      ---       ?C?PLDCODE
      01000346H   PUBLIC    CODE     ---       ?C?PLDCODE

      ---         MODULE    ---      ---       STRSPN
      00000029H   PUBLIC    DATA     ---       ?_STRSPN?BYTE
      010006ADH   PUBLIC    CODE     ---       _STRSPN

      ---         MODULE    ---      ---       STRPBRK
      00000029H   PUBLIC    DATA     ---       ?_STRPBRK?BYTE
      0100070EH   PUBLIC    CODE     ---       _STRPBRK

      ---         MODULE    ---      ---       ?C?CLDOPTR
      01000352H   PUBLIC    CODE     ---       ?C?CLDOPTR

Program Size: data=120.0 xdata=0 const=0 code=2693
LX51 RUN COMPLETE.  0 WARNING(S),  0 ERROR(S)
