LX51 LINKER/LOCATER V4.41                                                               10/06/2018  19:35:51  PAGE 1


LX51 LINKER/LOCATER V4.41, INVOKED BY:
C:\TOOL\KEILC_8051\C51\BIN\LX51.EXE main.obj TO uart_8051 RU


CPU MODE:     8051 MODE
MEMORY MODEL: SMALL


INPUT MODULES INCLUDED:
  main.obj (MAIN)
         COMMENT TYPE 0: C51 V9.01
  C:\TOOL\KEILC_8051\C51\LIB\C51S.LIB (?C_STARTUP)
         COMMENT TYPE 1: A51 / ASM51 Assembler
  C:\TOOL\KEILC_8051\C51\LIB\C51S.LIB (?C?CLDPTR)
         COMMENT TYPE 1: A51 / ASM51 Assembler
  C:\TOOL\KEILC_8051\C51\LIB\C51S.LIB (?C?ULCMP)
         COMMENT TYPE 1: A51 / ASM51 Assembler
  C:\TOOL\KEILC_8051\C51\LIB\C51S.LIB (?C?CCASE)
         COMMENT TYPE 1: A51 / ASM51 Assembler
  C:\TOOL\KEILC_8051\C51\LIB\C51S.LIB (?C_INIT)
         COMMENT TYPE 1: A51 / ASM51 Assembler


ACTIVE MEMORY CLASSES OF MODULE:  uart_8051 (MAIN)

BASE        START       END         USED      MEMORY CLASS
==========================================================
C:000000H   C:000000H   C:00FFFFH   0001BEH   CODE
I:000000H   I:000000H   I:00007FH   000018H   DATA
I:000000H   I:000000H   I:0000FFH   000001H   IDATA


MEMORY MAP OF MODULE:  uart_8051 (MAIN)


START     STOP      LENGTH    ALIGN  RELOC    MEMORY CLASS   SEGMENT NAME
=========================================================================

* * * * * * * * * * *   D A T A   M E M O R Y   * * * * * * * * * * * * *
000000H   000007H   000008H   ---    AT..     DATA           "REG BANK 0"
000008H   000017H   000010H   BYTE   UNIT     DATA           ?DT?MAIN
000018H   000018H   000001H   BYTE   UNIT     IDATA          ?STACK

* * * * * * * * * * *   C O D E   M E M O R Y   * * * * * * * * * * * * *
000000H   000002H   000003H   ---    OFFS..   CODE           ?CO??C_STARTUP?0
000003H   00000AH   000008H   ---    ---      **GAP**
00000BH   00000DH   000003H   BYTE   OFFS..   CODE           ?MAIN?0000B
00000EH   00001FH   000012H   BYTE   UNIT     CODE           ?PR?TIMER0_INIT?MAIN
000020H   000022H   000003H   ---    ---      **GAP**
000023H   000025H   000003H   BYTE   OFFS..   CODE           ?MAIN?00023
000026H   0000B1H   00008CH   BYTE   UNIT     CODE           ?C_C51STARTUP
0000B2H   00010AH   000059H   BYTE   UNIT     CODE           ?PR?MAIN?MAIN
00010BH   00015AH   000050H   BYTE   UNIT     CODE           ?C?LIB_CODE
00015BH   000195H   00003BH   BYTE   UNIT     CODE           ?PR?TIMER0_ISR?MAIN
000196H   0001B0H   00001BH   BYTE   UNIT     CODE           ?C_INITSEG
0001B1H   0001BFH   00000FH   BYTE   UNIT     CODE           ?PR?UART_INIT?MAIN
0001C0H   0001C8H   000009H   BYTE   UNIT     CODE           ?PR?UART_ISR?MAIN

* * * * * * * * *   R E M O V E D     S E G M E N T S   * * * * * * * *
   *DEL*:           000040H   BYTE   UNIT     CODE           ?PR?_DELAY?MAIN
   *DEL*:           000008H   BYTE   UNIT     DATA           ?DT?_DELAY?MAIN
   *DEL*:           000008H   BYTE   UNIT     CODE           ?PR?_UART_SEND_BYTE?MAIN
   *DEL*:           000013H   BYTE   UNIT     CODE           ?PR?_UART_SEND_STR?MAIN



LX51 LINKER/LOCATER V4.41                                                             10/06/2018  19:35:51  PAGE 2


OVERLAY MAP OF MODULE:   uart_8051 (MAIN)


FUNCTION/MODULE              BIT_GROUP   DATA_GROUP 
--> CALLED FUNCTION/MODULE  START  STOP  START  STOP
====================================================
TIMER0_ISR/MAIN             ----- -----  ----- -----

*** NEW ROOT **************

UART_ISR/MAIN               ----- -----  ----- -----

*** NEW ROOT **************

?C_C51STARTUP               ----- -----  ----- -----
  +--> ?PR?MAIN?MAIN
  +--> ?C_INITSEG

MAIN/MAIN                   ----- -----  ----- -----
  +--> ?PR?TIMER0_INIT?MAIN
  +--> ?PR?UART_INIT?MAIN

TIMER0_INIT/MAIN            ----- -----  ----- -----

UART_INIT/MAIN              ----- -----  ----- -----

?C_INITSEG                  ----- -----  ----- -----



PUBLIC SYMBOLS OF MODULE:  uart_8051 (MAIN)


      VALUE       CLASS    TYPE      PUBLIC SYMBOL NAME
      =================================================
      01000135H   CODE     ---       ?C?CCASE
      0100010BH   CODE     ---       ?C?CLDPTR
      00000000H   NUMBER   ---       ?C?CODESEG
      01000124H   CODE     ---       ?C?ULCMP
      00000000H   NUMBER   ---       ?C?XDATASEG
      0100006DH   CODE     ---       ?C_START
      01000000H   CODE     ---       ?C_STARTUP
      00000015H   DATA     CHAR      _data
*DEL*:00000000H   CODE     ---       _delay
*DEL*:00000000H   CODE     ---       _uart_send_byte
*DEL*:00000000H   CODE     ---       _uart_send_str
*SFR* 000000D0H.6 DATA     BIT       AC
*SFR* 000000E0H   DATA     BYTE      ACC
*SFR* 000000F0H   DATA     BYTE      B
      00000016H   DATA     ---       buffer
*SFR* 000000D0H.7 DATA     BIT       CY
*SFR* 00000083H   DATA     BYTE      DPH
*SFR* 00000082H   DATA     BYTE      DPL
*SFR* 000000A8H.7 DATA     BIT       EA
*SFR* 000000A8H.4 DATA     BIT       ES
*SFR* 000000A8H.1 DATA     BIT       ET0
*SFR* 000000A8H.3 DATA     BIT       ET1
*SFR* 000000A8H.5 DATA     BIT       ET2
*SFR* 000000A8H   DATA     BIT       EX0
*SFR* 000000A8H.2 DATA     BIT       EX1
*SFR* 000000D0H.5 DATA     BIT       F0
*SFR* 000000D0H.1 DATA     BIT       F1
*SFR* 000000A8H   DATA     BYTE      IE
*SFR* 00000088H.1 DATA     BIT       IE0
*SFR* 00000088H.3 DATA     BIT       IE1
LX51 LINKER/LOCATER V4.41                                                             10/06/2018  19:35:51  PAGE 3


*SFR* 000000B0H.2 DATA     BIT       INT0
*SFR* 000000B0H.3 DATA     BIT       INT1
*SFR* 000000B8H   DATA     BYTE      IP
*SFR* 00000088H   DATA     BIT       IT0
*SFR* 00000088H.2 DATA     BIT       IT1
      010000B2H   CODE     ---       main
*SFR* 000000D0H.2 DATA     BIT       OV
*SFR* 000000D0H   DATA     BIT       P
*SFR* 00000080H   DATA     BYTE      P0
*SFR* 00000080H   DATA     BIT       P0_0
*SFR* 00000080H.1 DATA     BIT       P0_1
*SFR* 00000080H.2 DATA     BIT       P0_2
*SFR* 00000080H.3 DATA     BIT       P0_3
*SFR* 00000080H.4 DATA     BIT       P0_4
*SFR* 00000080H.5 DATA     BIT       P0_5
*SFR* 00000080H.6 DATA     BIT       P0_6
*SFR* 00000080H.7 DATA     BIT       P0_7
*SFR* 00000090H   DATA     BYTE      P1
*SFR* 00000090H   DATA     BIT       P1_0
*SFR* 00000090H.1 DATA     BIT       P1_1
*SFR* 00000090H.2 DATA     BIT       P1_2
*SFR* 00000090H.3 DATA     BIT       P1_3
*SFR* 00000090H.4 DATA     BIT       P1_4
*SFR* 00000090H.5 DATA     BIT       P1_5
*SFR* 00000090H.6 DATA     BIT       P1_6
*SFR* 00000090H.7 DATA     BIT       P1_7
*SFR* 000000A0H   DATA     BYTE      P2
*SFR* 000000A0H   DATA     BIT       P2_0
*SFR* 000000A0H.1 DATA     BIT       P2_1
*SFR* 000000A0H.2 DATA     BIT       P2_2
*SFR* 000000A0H.3 DATA     BIT       P2_3
*SFR* 000000A0H.4 DATA     BIT       P2_4
*SFR* 000000A0H.5 DATA     BIT       P2_5
*SFR* 000000A0H.6 DATA     BIT       P2_6
*SFR* 000000A0H.7 DATA     BIT       P2_7
*SFR* 000000B0H   DATA     BYTE      P3
*SFR* 000000B0H   DATA     BIT       P3_0
*SFR* 000000B0H.1 DATA     BIT       P3_1
*SFR* 000000B0H.2 DATA     BIT       P3_2
*SFR* 000000B0H.3 DATA     BIT       P3_3
*SFR* 000000B0H.4 DATA     BIT       P3_4
*SFR* 000000B0H.5 DATA     BIT       P3_5
*SFR* 000000B0H.6 DATA     BIT       P3_6
*SFR* 000000B0H.7 DATA     BIT       P3_7
*SFR* 00000087H   DATA     BYTE      PCON
      00000013H   DATA     INT       pin
      00000011H   DATA     INT       port
*SFR* 000000B8H.4 DATA     BIT       PS
*SFR* 000000D0H   DATA     BYTE      PSW
*SFR* 000000B8H.1 DATA     BIT       PT0
*SFR* 000000B8H.3 DATA     BIT       PT1
*SFR* 000000B8H.5 DATA     BIT       PT2
*SFR* 000000B8H   DATA     BIT       PX0
*SFR* 000000B8H.2 DATA     BIT       PX1
*SFR* 00000098H.2 DATA     BIT       RB8
*SFR* 000000B0H.7 DATA     BIT       RD
      00000008H   DATA     BYTE      read_index
*SFR* 00000098H.4 DATA     BIT       REN
      00000009H   DATA     INT       result
*SFR* 00000098H   DATA     BIT       RI
*SFR* 000000D0H.3 DATA     BIT       RS0
*SFR* 000000D0H.4 DATA     BIT       RS1
*SFR* 000000B0H   DATA     BIT       RXD
*SFR* 00000099H   DATA     BYTE      SBUF
*SFR* 00000098H   DATA     BYTE      SCON
LX51 LINKER/LOCATER V4.41                                                             10/06/2018  19:35:51  PAGE 4


*SFR* 00000098H.7 DATA     BIT       SM0
*SFR* 00000098H.6 DATA     BIT       SM1
*SFR* 00000098H.5 DATA     BIT       SM2
*SFR* 00000081H   DATA     BYTE      SP
*SFR* 000000B0H.4 DATA     BIT       T0
*SFR* 000000B0H.5 DATA     BIT       T1
*SFR* 00000098H.3 DATA     BIT       TB8
*SFR* 00000088H   DATA     BYTE      TCON
*SFR* 00000088H.5 DATA     BIT       TF0
*SFR* 00000088H.7 DATA     BIT       TF1
*SFR* 0000008CH   DATA     BYTE      TH0
*SFR* 0000008DH   DATA     BYTE      TH1
*SFR* 00000098H.1 DATA     BIT       TI
      0000000CH   DATA     DWORD     tick
      0100000EH   CODE     ---       timer0_init
      0100015BH   CODE     ---       timer0_ISR
*SFR* 0000008AH   DATA     BYTE      TL0
*SFR* 0000008BH   DATA     BYTE      TL1
*SFR* 00000089H   DATA     BYTE      TMOD
*SFR* 00000088H.4 DATA     BIT       TR0
*SFR* 00000088H.6 DATA     BIT       TR1
*SFR* 000000B0H.1 DATA     BIT       TXD
      010001B1H   CODE     ---       uart_init
      010001C0H   CODE     ---       uart_ISR
      00000010H   DATA     CHAR      val
*SFR* 000000B0H.6 DATA     BIT       WR
      0000000BH   DATA     BYTE      write_index



SYMBOL TABLE OF MODULE:  uart_8051 (MAIN)

      VALUE       REP       CLASS    TYPE      SYMBOL NAME
      ====================================================
      ---         MODULE    ---      ---       MAIN
      00000016H   PUBLIC    DATA     ---       buffer
      00000015H   PUBLIC    DATA     CHAR      _data
      00000013H   PUBLIC    DATA     INT       pin
      00000011H   PUBLIC    DATA     INT       port
      00000010H   PUBLIC    DATA     CHAR      val
      0000000CH   PUBLIC    DATA     DWORD     tick
      0000000BH   PUBLIC    DATA     BYTE      write_index
      00000009H   PUBLIC    DATA     INT       result
      00000008H   PUBLIC    DATA     BYTE      read_index
      010001C0H   PUBLIC    CODE     ---       uart_ISR
      0100015BH   PUBLIC    CODE     ---       timer0_ISR
      010000B2H   PUBLIC    CODE     ---       main
      010001B1H   PUBLIC    CODE     ---       uart_init
      0100000EH   PUBLIC    CODE     ---       timer0_init
      00000080H   SFRSYM    DATA     BYTE      P0
      00000090H   SFRSYM    DATA     BYTE      P1
      000000A0H   SFRSYM    DATA     BYTE      P2
      000000B0H   SFRSYM    DATA     BYTE      P3
      000000D0H.6 SFRSYM    DATA     BIT       AC
      000000B0H.4 SFRSYM    DATA     BIT       T0
      000000B0H.5 SFRSYM    DATA     BIT       T1
      000000A8H.7 SFRSYM    DATA     BIT       EA
      000000A8H   SFRSYM    DATA     BYTE      IE
      00000080H   SFRSYM    DATA     BIT       P0_0
      00000090H   SFRSYM    DATA     BIT       P1_0
      00000080H.1 SFRSYM    DATA     BIT       P0_1
      000000A0H   SFRSYM    DATA     BIT       P2_0
      00000090H.1 SFRSYM    DATA     BIT       P1_1
      00000080H.2 SFRSYM    DATA     BIT       P0_2
      000000B0H   SFRSYM    DATA     BIT       P3_0
LX51 LINKER/LOCATER V4.41                                                             10/06/2018  19:35:51  PAGE 5


      000000A0H.1 SFRSYM    DATA     BIT       P2_1
      00000090H.2 SFRSYM    DATA     BIT       P1_2
      00000080H.3 SFRSYM    DATA     BIT       P0_3
      000000B0H.1 SFRSYM    DATA     BIT       P3_1
      000000A0H.2 SFRSYM    DATA     BIT       P2_2
      00000090H.3 SFRSYM    DATA     BIT       P1_3
      00000080H.4 SFRSYM    DATA     BIT       P0_4
      000000B0H.2 SFRSYM    DATA     BIT       P3_2
      000000A0H.3 SFRSYM    DATA     BIT       P2_3
      00000090H.4 SFRSYM    DATA     BIT       P1_4
      00000080H.5 SFRSYM    DATA     BIT       P0_5
      000000B0H.7 SFRSYM    DATA     BIT       RD
      000000B0H.3 SFRSYM    DATA     BIT       P3_3
      000000A0H.4 SFRSYM    DATA     BIT       P2_4
      00000090H.5 SFRSYM    DATA     BIT       P1_5
      00000080H.6 SFRSYM    DATA     BIT       P0_6
      000000B0H.4 SFRSYM    DATA     BIT       P3_4
      000000A0H.5 SFRSYM    DATA     BIT       P2_5
      00000090H.6 SFRSYM    DATA     BIT       P1_6
      00000080H.7 SFRSYM    DATA     BIT       P0_7
      000000B0H.5 SFRSYM    DATA     BIT       P3_5
      000000A8H.4 SFRSYM    DATA     BIT       ES
      000000A0H.6 SFRSYM    DATA     BIT       P2_6
      00000090H.7 SFRSYM    DATA     BIT       P1_7
      000000B0H.6 SFRSYM    DATA     BIT       P3_6
      000000A0H.7 SFRSYM    DATA     BIT       P2_7
      000000B8H   SFRSYM    DATA     BYTE      IP
      000000B0H.7 SFRSYM    DATA     BIT       P3_7
      00000098H   SFRSYM    DATA     BIT       RI
      000000D0H.7 SFRSYM    DATA     BIT       CY
      000000B0H.2 SFRSYM    DATA     BIT       INT0
      000000B0H.3 SFRSYM    DATA     BIT       INT1
      00000098H.1 SFRSYM    DATA     BIT       TI
      000000B8H.4 SFRSYM    DATA     BIT       PS
      00000081H   SFRSYM    DATA     BYTE      SP
      000000D0H.2 SFRSYM    DATA     BIT       OV
      000000B0H.6 SFRSYM    DATA     BIT       WR
      00000099H   SFRSYM    DATA     BYTE      SBUF
      00000087H   SFRSYM    DATA     BYTE      PCON
      00000098H   SFRSYM    DATA     BYTE      SCON
      00000089H   SFRSYM    DATA     BYTE      TMOD
      00000088H   SFRSYM    DATA     BYTE      TCON
      00000088H.1 SFRSYM    DATA     BIT       IE0
      00000088H.3 SFRSYM    DATA     BIT       IE1
      000000F0H   SFRSYM    DATA     BYTE      B
      000000E0H   SFRSYM    DATA     BYTE      ACC
      000000A8H.1 SFRSYM    DATA     BIT       ET0
      000000A8H.3 SFRSYM    DATA     BIT       ET1
      00000088H.5 SFRSYM    DATA     BIT       TF0
      000000A8H.5 SFRSYM    DATA     BIT       ET2
      00000088H.7 SFRSYM    DATA     BIT       TF1
      00000098H.2 SFRSYM    DATA     BIT       RB8
      0000008CH   SFRSYM    DATA     BYTE      TH0
      000000A8H   SFRSYM    DATA     BIT       EX0
      00000088H   SFRSYM    DATA     BIT       IT0
      0000008DH   SFRSYM    DATA     BYTE      TH1
      000000A8H.2 SFRSYM    DATA     BIT       EX1
      00000098H.3 SFRSYM    DATA     BIT       TB8
      00000088H.2 SFRSYM    DATA     BIT       IT1
      000000D0H   SFRSYM    DATA     BIT       P
      00000098H.7 SFRSYM    DATA     BIT       SM0
      0000008AH   SFRSYM    DATA     BYTE      TL0
      00000098H.6 SFRSYM    DATA     BIT       SM1
      0000008BH   SFRSYM    DATA     BYTE      TL1
      00000098H.5 SFRSYM    DATA     BIT       SM2
LX51 LINKER/LOCATER V4.41                                                             10/06/2018  19:35:51  PAGE 6


      000000B8H.1 SFRSYM    DATA     BIT       PT0
      000000D0H.3 SFRSYM    DATA     BIT       RS0
      000000B8H.3 SFRSYM    DATA     BIT       PT1
      000000D0H.4 SFRSYM    DATA     BIT       RS1
      000000B8H.5 SFRSYM    DATA     BIT       PT2
      00000088H.4 SFRSYM    DATA     BIT       TR0
      00000088H.6 SFRSYM    DATA     BIT       TR1
      000000B8H   SFRSYM    DATA     BIT       PX0
      000000B8H.2 SFRSYM    DATA     BIT       PX1
      00000083H   SFRSYM    DATA     BYTE      DPH
      00000082H   SFRSYM    DATA     BYTE      DPL
      00000098H.4 SFRSYM    DATA     BIT       REN
      000000B0H   SFRSYM    DATA     BIT       RXD
      000000B0H.1 SFRSYM    DATA     BIT       TXD
      000000D0H.5 SFRSYM    DATA     BIT       F0
      000000D0H.1 SFRSYM    DATA     BIT       F1
      000000D0H   SFRSYM    DATA     BYTE      PSW

      0100000EH   BLOCK     CODE     ---       LVL=0
      0100000EH   LINE      CODE     ---       #22
      0100000EH   LINE      CODE     ---       #23
      0100000EH   LINE      CODE     ---       #24
      01000011H   LINE      CODE     ---       #25
      01000014H   LINE      CODE     ---       #27
      01000017H   LINE      CODE     ---       #28
      0100001AH   LINE      CODE     ---       #30
      0100001DH   LINE      CODE     ---       #32
      0100001FH   LINE      CODE     ---       #33
      ---         BLOCKEND  ---      ---       LVL=0

      010001B1H   BLOCK     CODE     ---       LVL=0
      010001B1H   LINE      CODE     ---       #37
      010001B1H   LINE      CODE     ---       #38
      010001B1H   LINE      CODE     ---       #39
      010001B4H   LINE      CODE     ---       #40
      010001B7H   LINE      CODE     ---       #41
      010001BAH   LINE      CODE     ---       #42
      010001BDH   LINE      CODE     ---       #43
      010001BFH   LINE      CODE     ---       #44
      ---         BLOCKEND  ---      ---       LVL=0
      00000007H   SYMBOL    DATA     CHAR      data_
      00000001H   SYMBOL    DATA     ---       str

      010000B2H   BLOCK     CODE     ---       LVL=0
      010000B2H   LINE      CODE     ---       #68
      010000B2H   LINE      CODE     ---       #69
      010000B2H   LINE      CODE     ---       #70
      010000B5H   LINE      CODE     ---       #71
      010000B8H   LINE      CODE     ---       #72
      010000BBH   LINE      CODE     ---       #75
      010000BBH   LINE      CODE     ---       #76
      010000BBH   LINE      CODE     ---       #77
      010000BFH   LINE      CODE     ---       #78
      010000BFH   LINE      CODE     ---       #79
      010000E3H   LINE      CODE     ---       #80
      010000E3H   LINE      CODE     ---       #82
      010000E3H   LINE      CODE     ---       #83
      010000E5H   LINE      CODE     ---       #84
      010000E7H   LINE      CODE     ---       #85
      010000E7H   LINE      CODE     ---       #86
      010000E9H   LINE      CODE     ---       #87
      010000EBH   LINE      CODE     ---       #88
      010000EBH   LINE      CODE     ---       #89
      010000EDH   LINE      CODE     ---       #90
      010000EFH   LINE      CODE     ---       #91
LX51 LINKER/LOCATER V4.41                                                             10/06/2018  19:35:51  PAGE 7


      010000EFH   LINE      CODE     ---       #92
      010000F1H   LINE      CODE     ---       #93
      010000F3H   LINE      CODE     ---       #94
      010000F3H   LINE      CODE     ---       #95
      010000F5H   LINE      CODE     ---       #96
      010000F7H   LINE      CODE     ---       #97
      010000F7H   LINE      CODE     ---       #98
      010000F9H   LINE      CODE     ---       #99
      010000FBH   LINE      CODE     ---       #100
      010000FBH   LINE      CODE     ---       #101
      010000FDH   LINE      CODE     ---       #102
      010000FFH   LINE      CODE     ---       #103
      010000FFH   LINE      CODE     ---       #104
      01000101H   LINE      CODE     ---       #105
      01000103H   LINE      CODE     ---       #106
      01000103H   LINE      CODE     ---       #107
      01000106H   LINE      CODE     ---       #108
      01000106H   LINE      CODE     ---       #110
      01000106H   LINE      CODE     ---       #111
      01000109H   LINE      CODE     ---       #112
      01000109H   LINE      CODE     ---       #113
      ---         BLOCKEND  ---      ---       LVL=0

      0100015BH   BLOCK     CODE     ---       LVL=0
      0100015BH   LINE      CODE     ---       #116
      0100016AH   LINE      CODE     ---       #118
      01000183H   LINE      CODE     ---       #119
      01000186H   LINE      CODE     ---       #120
      01000189H   LINE      CODE     ---       #121
      ---         BLOCKEND  ---      ---       LVL=0

      010001C0H   BLOCK     CODE     ---       LVL=0
      010001C0H   LINE      CODE     ---       #122
      010001C0H   LINE      CODE     ---       #124
      010001C3H   LINE      CODE     ---       #125
      010001C3H   LINE      CODE     ---       #126
      010001C6H   LINE      CODE     ---       #127
      010001C8H   LINE      CODE     ---       #128
      010001C8H   LINE      CODE     ---       #130
      ---         BLOCKEND  ---      ---       LVL=0

      ---         MODULE    ---      ---       ?C_STARTUP
      01000000H   PUBLIC    CODE     ---       ?C_STARTUP

      ---         MODULE    ---      ---       ?C?CLDPTR
      0100010BH   PUBLIC    CODE     ---       ?C?CLDPTR

      ---         MODULE    ---      ---       ?C?ULCMP
      01000124H   PUBLIC    CODE     ---       ?C?ULCMP

      ---         MODULE    ---      ---       ?C?CCASE
      01000135H   PUBLIC    CODE     ---       ?C?CCASE

      ---         MODULE    ---      ---       ?C_INIT
      0100006DH   PUBLIC    CODE     ---       ?C_START

Program Size: data=25.0 xdata=0 const=0 code=446
LX51 RUN COMPLETE.  0 WARNING(S),  0 ERROR(S)
